Archive member included to satisfy reference by file (symbol)

C:/ST/STM32CubeIDE_1.17.0/STM32CubeIDE/plugins/com.st.stm32cube.ide.mcu.externaltools.gnu-tools-for-stm32.12.3.rel1.win32_1.1.0.202410251130/tools/bin/../lib/gcc/arm-none-eabi/12.3.1/../../../../arm-none-eabi/lib/thumb/v7e-m+fp/hard\libc_nano.a(libc_a-exit.o)
                              C:/ST/STM32CubeIDE_1.17.0/STM32CubeIDE/plugins/com.st.stm32cube.ide.mcu.externaltools.gnu-tools-for-stm32.12.3.rel1.win32_1.1.0.202410251130/tools/bin/../lib/gcc/arm-none-eabi/12.3.1/../../../../arm-none-eabi/lib/thumb/v7e-m+fp/hard/crt0.o (exit)
C:/ST/STM32CubeIDE_1.17.0/STM32CubeIDE/plugins/com.st.stm32cube.ide.mcu.externaltools.gnu-tools-for-stm32.12.3.rel1.win32_1.1.0.202410251130/tools/bin/../lib/gcc/arm-none-eabi/12.3.1/../../../../arm-none-eabi/lib/thumb/v7e-m+fp/hard\libc_nano.a(libc_a-nano-vfprintf_float.o)
                              (_printf_float)
C:/ST/STM32CubeIDE_1.17.0/STM32CubeIDE/plugins/com.st.stm32cube.ide.mcu.externaltools.gnu-tools-for-stm32.12.3.rel1.win32_1.1.0.202410251130/tools/bin/../lib/gcc/arm-none-eabi/12.3.1/../../../../arm-none-eabi/lib/thumb/v7e-m+fp/hard\libc_nano.a(libc_a-nano-vfprintf_i.o)
                              C:/ST/STM32CubeIDE_1.17.0/STM32CubeIDE/plugins/com.st.stm32cube.ide.mcu.externaltools.gnu-tools-for-stm32.12.3.rel1.win32_1.1.0.202410251130/tools/bin/../lib/gcc/arm-none-eabi/12.3.1/../../../../arm-none-eabi/lib/thumb/v7e-m+fp/hard\libc_nano.a(libc_a-nano-vfprintf_float.o) (_printf_common)
C:/ST/STM32CubeIDE_1.17.0/STM32CubeIDE/plugins/com.st.stm32cube.ide.mcu.externaltools.gnu-tools-for-stm32.12.3.rel1.win32_1.1.0.202410251130/tools/bin/../lib/gcc/arm-none-eabi/12.3.1/../../../../arm-none-eabi/lib/thumb/v7e-m+fp/hard\libc_nano.a(libc_a-findfp.o)
                              C:/ST/STM32CubeIDE_1.17.0/STM32CubeIDE/plugins/com.st.stm32cube.ide.mcu.externaltools.gnu-tools-for-stm32.12.3.rel1.win32_1.1.0.202410251130/tools/bin/../lib/gcc/arm-none-eabi/12.3.1/../../../../arm-none-eabi/lib/thumb/v7e-m+fp/hard\libc_nano.a(libc_a-exit.o) (__stdio_exit_handler)
C:/ST/STM32CubeIDE_1.17.0/STM32CubeIDE/plugins/com.st.stm32cube.ide.mcu.externaltools.gnu-tools-for-stm32.12.3.rel1.win32_1.1.0.202410251130/tools/bin/../lib/gcc/arm-none-eabi/12.3.1/../../../../arm-none-eabi/lib/thumb/v7e-m+fp/hard\libc_nano.a(libc_a-fwalk.o)
                              C:/ST/STM32CubeIDE_1.17.0/STM32CubeIDE/plugins/com.st.stm32cube.ide.mcu.externaltools.gnu-tools-for-stm32.12.3.rel1.win32_1.1.0.202410251130/tools/bin/../lib/gcc/arm-none-eabi/12.3.1/../../../../arm-none-eabi/lib/thumb/v7e-m+fp/hard\libc_nano.a(libc_a-findfp.o) (_fwalk_sglue)
C:/ST/STM32CubeIDE_1.17.0/STM32CubeIDE/plugins/com.st.stm32cube.ide.mcu.externaltools.gnu-tools-for-stm32.12.3.rel1.win32_1.1.0.202410251130/tools/bin/../lib/gcc/arm-none-eabi/12.3.1/../../../../arm-none-eabi/lib/thumb/v7e-m+fp/hard\libc_nano.a(libc_a-stdio.o)
                              C:/ST/STM32CubeIDE_1.17.0/STM32CubeIDE/plugins/com.st.stm32cube.ide.mcu.externaltools.gnu-tools-for-stm32.12.3.rel1.win32_1.1.0.202410251130/tools/bin/../lib/gcc/arm-none-eabi/12.3.1/../../../../arm-none-eabi/lib/thumb/v7e-m+fp/hard\libc_nano.a(libc_a-findfp.o) (__sread)
C:/ST/STM32CubeIDE_1.17.0/STM32CubeIDE/plugins/com.st.stm32cube.ide.mcu.externaltools.gnu-tools-for-stm32.12.3.rel1.win32_1.1.0.202410251130/tools/bin/../lib/gcc/arm-none-eabi/12.3.1/../../../../arm-none-eabi/lib/thumb/v7e-m+fp/hard\libc_nano.a(libc_a-memcmp.o)
                              ./Core/Src/mavlink_messages.o (memcmp)
C:/ST/STM32CubeIDE_1.17.0/STM32CubeIDE/plugins/com.st.stm32cube.ide.mcu.externaltools.gnu-tools-for-stm32.12.3.rel1.win32_1.1.0.202410251130/tools/bin/../lib/gcc/arm-none-eabi/12.3.1/../../../../arm-none-eabi/lib/thumb/v7e-m+fp/hard\libc_nano.a(libc_a-memset.o)
                              C:/ST/STM32CubeIDE_1.17.0/STM32CubeIDE/plugins/com.st.stm32cube.ide.mcu.externaltools.gnu-tools-for-stm32.12.3.rel1.win32_1.1.0.202410251130/tools/bin/../lib/gcc/arm-none-eabi/12.3.1/../../../../arm-none-eabi/lib/thumb/v7e-m+fp/hard/crt0.o (memset)
C:/ST/STM32CubeIDE_1.17.0/STM32CubeIDE/plugins/com.st.stm32cube.ide.mcu.externaltools.gnu-tools-for-stm32.12.3.rel1.win32_1.1.0.202410251130/tools/bin/../lib/gcc/arm-none-eabi/12.3.1/../../../../arm-none-eabi/lib/thumb/v7e-m+fp/hard\libc_nano.a(libc_a-strncpy.o)
                              ./Core/Src/mavlink_messages.o (strncpy)
C:/ST/STM32CubeIDE_1.17.0/STM32CubeIDE/plugins/com.st.stm32cube.ide.mcu.externaltools.gnu-tools-for-stm32.12.3.rel1.win32_1.1.0.202410251130/tools/bin/../lib/gcc/arm-none-eabi/12.3.1/../../../../arm-none-eabi/lib/thumb/v7e-m+fp/hard\libc_nano.a(libc_a-localeconv.o)
[...]
Memory Configuration

Name             Origin             Length             Attributes
CCMRAM           0x10000000         0x00010000         xrw
RAM              0x20000000         0x00020000         xrw
FLASH            0x08000000         0x00100000         xr
*default*        0x00000000         0xffffffff

Linker script and memory map

LOAD C:/ST/STM32CubeIDE_1.17.0/STM32CubeIDE/plugins/com.st.stm32cube.ide.mcu.externaltools.gnu-tools-for-stm32.12.3.rel1.win32_1.1.0.202410251130/tools/bin/../lib/gcc/arm-none-eabi/12.3.1/thumb/v7e-m+fp/hard/crti.o
LOAD C:/ST/STM32CubeIDE_1.17.0/STM32CubeIDE/plugins/com.st.stm32cube.ide.mcu.externaltools.gnu-tools-for-stm32.12.3.rel1.win32_1.1.0.202410251130/tools/bin/../lib/gcc/arm-none-eabi/12.3.1/thumb/v7e-m+fp/hard/crtbegin.o
LOAD C:/ST/STM32CubeIDE_1.17.0/STM32CubeIDE/plugins/com.st.stm32cube.ide.mcu.externaltools.gnu-tools-for-stm32.12.3.rel1.win32_1.1.0.202410251130/tools/bin/../lib/gcc/arm-none-eabi/12.3.1/../../../../arm-none-eabi/lib/thumb/v7e-m+fp/hard/crt0.o
LOAD ./Core/Src/Control.o
LOAD ./Core/Src/Maping.o
LOAD ./Core/Src/PID.o
LOAD ./Core/Src/freertos.o
LOAD ./Core/Src/main.o
LOAD ./Core/Src/mavlink_messages.o
LOAD ./Core/Src/motor_interface.o
LOAD ./Core/Src/mpu6050.o
LOAD ./Core/Src/pressure_sensor.o
LOAD ./Core/Src/stm32f4xx_hal_msp.o
LOAD ./Core/Src/stm32f4xx_it.o
LOAD ./Core/Src/syscalls.o
LOAD ./Core/Src/sysmem.o
LOAD ./Core/Src/system_stm32f4xx.o
LOAD ./Core/Startup/startup_stm32f405rgtx.o
LOAD ./Drivers/STM32F4xx_HAL_Driver/Src/stm32f4xx_hal.o
LOAD ./Drivers/STM32F4xx_HAL_Driver/Src/stm32f4xx_hal_cortex.o
LOAD ./Drivers/STM32F4xx_HAL_Driver/Src/stm32f4xx_hal_dma.o
LOAD ./Drivers/STM32F4xx_HAL_Driver/Src/stm32f4xx_hal_dma_ex.o
LOAD ./Drivers/STM32F4xx_HAL_Driver/Src/stm32f4xx_hal_exti.o
LOAD ./Drivers/STM32F4xx_HAL_Driver/Src/stm32f4xx_hal_flash.o
LOAD ./Drivers/STM32F4xx_HAL_Driver/Src/stm32f4xx_hal_flash_ex.o
LOAD ./Drivers/STM32F4xx_HAL_Driver/Src/stm32f4xx_hal_flash_ramfunc.o
LOAD ./Drivers/STM32F4xx_HAL_Driver/Src/stm32f4xx_hal_gpio.o
LOAD ./Drivers/STM32F4xx_HAL_Driver/Src/stm32f4xx_hal_i2c.o
LOAD ./Drivers/STM32F4xx_HAL_Driver/Src/stm32f4xx_hal_i2c_ex.o
LOAD ./Drivers/STM32F4xx_HAL_Driver/Src/stm32f4xx_hal_pwr.o
LOAD ./Drivers/STM32F4xx_HAL_Driver/Src/stm32f4xx_hal_pwr_ex.o
LOAD ./Drivers/STM32F4xx_HAL_Driver/Src/stm32f4xx_hal_rcc.o
LOAD ./Drivers/STM32F4xx_HAL_Driver/Src/stm32f4xx_hal_rcc_ex.o
LOAD ./Drivers/STM32F4xx_HAL_Driver/Src/stm32f4xx_hal_spi.o
LOAD ./Drivers/STM32F4xx_HAL_Driver/Src/stm32f4xx_hal_tim.o
LOAD ./Drivers/STM32F4xx_HAL_Driver/Src/stm32f4xx_hal_tim_ex.o
LOAD ./Drivers/STM32F4xx_HAL_Driver/Src/stm32f4xx_hal_uart.o
LOAD ./Middlewares/Third_Party/FreeRTOS/Source/CMSIS_RTOS_V2/cmsis_os2.o
LOAD ./Middlewares/Third_Party/FreeRTOS/Source/croutine.o
LOAD ./Middlewares/Third_Party/FreeRTOS/Source/event_groups.o
LOAD ./Middlewares/Third_Party/FreeRTOS/Source/list.o
LOAD ./Middlewares/Third_Party/FreeRTOS/Source/queue.o
LOAD ./Middlewares/Third_Party/FreeRTOS/Source/stream_buffer.o
LOAD ./Middlewares/Third_Party/FreeRTOS/Source/tasks.o
LOAD ./Middlewares/Third_Party/FreeRTOS/Source/timers.o
LOAD ./Middlewares/Third_Party/FreeRTOS/Source/portable/GCC/ARM_CM4F/port.o
LOAD ./Middlewares/Third_Party/FreeRTOS/Source/portable/MemMang/heap_4.o
START GROUP
LOAD C:/ST/STM32CubeIDE_1.17.0/STM32CubeIDE/plugins/com.st.stm32cube.ide.mcu.externaltools.gnu-tools-for-stm32.12.3.rel1.win32_1.1.0.202410251130/tools/bin/../lib/gcc/arm-none-eabi/12.3.1/../../../../arm-none-eabi/lib/thumb/v7e-m+fp/hard\libc_nano.a
LOAD C:/ST/STM32CubeIDE_1.17.0/STM32CubeIDE/plugins/com.st.stm32cube.ide.mcu.externaltools.gnu-tools-for-stm32.12.3.rel1.win32_1.1.0.202410251130/tools/bin/../lib/gcc/arm-none-eabi/12.3.1/../../../../arm-none-eabi/lib/thumb/v7e-m+fp/hard\libm.a
END GROUP
START GROUP
LOAD C:/ST/STM32CubeIDE_1.17.0/STM32CubeIDE/plugins/com.st.stm32cube.ide.mcu.externaltools.gnu-tools-for-stm32.12.3.rel1.win32_1.1.0.202410251130/tools/bin/../lib/gcc/arm-none-eabi/12.3.1/thumb/v7e-m+fp/hard\libgcc.a
LOAD C:/ST/STM32CubeIDE_1.17.0/STM32CubeIDE/plugins/com.st.stm32cube.ide.mcu.externaltools.gnu-tools-for-stm32.12.3.rel1.win32_1.1.0.202410251130/tools/bin/../lib/gcc/arm-none-eabi/12.3.1/../../../../arm-none-eabi/lib/thumb/v7e-m+fp/hard\libc_nano.a
END GROUP
START GROUP
LOAD C:/ST/STM32CubeIDE_1.17.0/STM32CubeIDE/plugins/com.st.stm32cube.ide.mcu.externaltools.gnu-tools-for-stm32.12.3.rel1.win32_1.1.0.202410251130/tools/bin/../lib/gcc/arm-none-eabi/12.3.1/thumb/v7e-m+fp/hard\libgcc.a
LOAD C:/ST/STM32CubeIDE_1.17.0/STM32CubeIDE/plugins/com.st.stm32cube.ide.mcu.externaltools.gnu-tools-for-stm32.12.3.rel1.win32_1.1.0.202410251130/tools/bin/../lib/gcc/arm-none-eabi/12.3.1/../../../../arm-none-eabi/lib/thumb/v7e-m+fp/hard\libc_nano.a
LOAD C:/ST/STM32CubeIDE_1.17.0/STM32CubeIDE/plugins/com.st.stm32cube.ide.mcu.externaltools.gnu-tools-for-stm32.12.3.rel1.win32_1.1.0.202410251130/tools/bin/../lib/gcc/arm-none-eabi/12.3.1/../../../../arm-none-eabi/lib/thumb/v7e-m+fp/hard\libnosys.a
END GROUP
START GROUP
LOAD C:/ST/STM32CubeIDE_1.17.0/STM32CubeIDE/plugins/com.st.stm32cube.ide.mcu.externaltools.gnu-tools-for-stm32.12.3.rel1.win32_1.1.0.202410251130/tools/bin/../lib/gcc/arm-none-eabi/12.3.1/thumb/v7e-m+fp/hard\libgcc.a
LOAD C:/ST/STM32CubeIDE_1.17.0/STM32CubeIDE/plugins/com.st.stm32cube.ide.mcu.externaltools.gnu-tools-for-stm32.12.3.rel1.win32_1.1.0.202410251130/tools/bin/../lib/gcc/arm-none-eabi/12.3.1/../../../../arm-none-eabi/lib/thumb/v7e-m+fp/hard\libc_nano.a
LOAD C:/ST/STM32CubeIDE_1.17.0/STM32CubeIDE/plugins/com.st.stm32cube.ide.mcu.externaltools.gnu-tools-for-stm32.12.3.rel1.win32_1.1.0.202410251130/tools/bin/../lib/gcc/arm-none-eabi/12.3.1/../../../../arm-none-eabi/lib/thumb/v7e-m+fp/hard\libnosys.a
END GROUP
LOAD C:/ST/STM32CubeIDE_1.17.0/STM32CubeIDE/plugins/com.st.stm32cube.ide.mcu.externaltools.gnu-tools-for-stm32.12.3.rel1.win32_1.1.0.202410251130/tools/bin/../lib/gcc/arm-none-eabi/12.3.1/thumb/v7e-m+fp/hard/crtend.o
LOAD C:/ST/STM32CubeIDE_1.17.0/STM32CubeIDE/plugins/com.st.stm32cube.ide.mcu.externaltools.gnu-tools-for-stm32.12.3.rel1.win32_1.1.0.202410251130/tools/bin/../lib/gcc/arm-none-eabi/12.3.1/thumb/v7e-m+fp/hard/crtn.o
                0x20020000                        _estack = (ORIGIN (RAM) + LENGTH (RAM))
                0x00000200                        _Min_Heap_Size = 0x200
                0x00000400                        _Min_Stack_Size = 0x400

.isr_vector     0x08000000      0x188
                0x08000000                        . = ALIGN (0x4)
 *(.isr_vector)
 .isr_vector    0x08000000      0x188 ./Core/Startup/startup_stm32f405rgtx.o
                0x08000000                g_pfnVectors
                0x08000188                        . = ALIGN (0x4)

.text           0x08000190    0x121c8
                0x08000190                        . = ALIGN (0x4)
 *(.text)
 .text          0x08000190       0x40 C:/ST/STM32CubeIDE_1.17.0/STM32CubeIDE/plugins/com.st.stm32cube.ide.mcu.externaltools.gnu-tools-for-stm32.12.3.rel1.win32_1.1.0.202410251130/tools/bin/../lib/gcc/arm-none-eabi/12.3.1/thumb/v7e-m+fp/hard/crtbegin.o
 .text          0x080001d0       0xa0 C:/ST/STM32CubeIDE_1.17.0/STM32CubeIDE/plugins/com.st.stm32cube.ide.mcu.externaltools.gnu-tools-for-stm32.12.3.rel1.win32_1.1.0.202410251130/tools/bin/../lib/gcc/arm-none-eabi/12.3.1/../../../../arm-none-eabi/lib/thumb/v7e-m+fp/hard\libc_nano.a(libc_a-memchr.o)
                0x080001d0                memchr
 .text          0x08000270       0x10 C:/ST/STM32CubeIDE_1.17.0/STM32CubeIDE/plugins/com.st.stm32cube.ide.mcu.externaltools.gnu-tools-for-stm32.12.3.rel1.win32_1.1.0.202410251130/tools/bin/../lib/gcc/arm-none-eabi/12.3.1/../../../../arm-none-eabi/lib/thumb/v7e-m+fp/hard\libc_nano.a(libc_a-strlen.o)
                0x08000270                strlen
 .text          0x08000280      0x378 C:/ST/STM32CubeIDE_1.17.0/STM32CubeIDE/plugins/com.st.stm32cube.ide.mcu.externaltools.gnu-tools-for-stm32.12.3.rel1.win32_1.1.0.202410251130/tools/bin/../lib/gcc/arm-none-eabi/12.3.1/thumb/v7e-m+fp/hard\libgcc.a(_arm_addsubdf3.o)
                0x08000280                __aeabi_drsub
                0x08000288                __aeabi_dsub
                0x08000288                __subdf3
                0x0800028c                __aeabi_dadd
                0x0800028c                __adddf3
                0x08000504                __floatunsidf
                0x08000504                __aeabi_ui2d
                0x08000524                __floatsidf
                0x08000524                __aeabi_i2d
                0x08000548                __aeabi_f2d
                0x08000548                __extendsfdf2
                0x0800058c                __floatundidf
                0x0800058c                __aeabi_ul2d
                0x0800059c                __floatdidf
                0x0800059c                __aeabi_l2d
 .text          0x080005f8      0x424 C:/ST/STM32CubeIDE_1.17.0/STM32CubeIDE/plugins/com.st.stm32cube.ide.mcu.externaltools.gnu-tools-for-stm32.12.3.rel1.win32_1.1.0.202410251130/tools/bin/../lib/gcc/arm-none-eabi/12.3.1/thumb/v7e-m+fp/hard\libgcc.a(_arm_muldivdf3.o)
                0x080005f8                __aeabi_dmul
                0x080005f8                __muldf3
                0x0800084c                __divdf3
                0x0800084c                __aeabi_ddiv
 .text          0x08000a1c      0x110 C:/ST/STM32CubeIDE_1.17.0/STM32CubeIDE/plugins/com.st.stm32cube.ide.mcu.externaltools.gnu-tools-for-stm32.12.3.rel1.win32_1.1.0.202410251130/tools/bin/../lib/gcc/arm-none-eabi/12.3.1/thumb/v7e-m+fp/hard\libgcc.a(_arm_cmpdf2.o)
                0x08000a1c                __gtdf2
                0x08000a1c                __gedf2
                0x08000a24                __ltdf2
                0x08000a24                __ledf2
                0x08000a2c                __nedf2
                0x08000a2c                __eqdf2
                0x08000a2c                __cmpdf2
                0x08000aa8                __aeabi_cdrcmple
                0x08000ab8                __aeabi_cdcmpeq
                0x08000ab8                __aeabi_cdcmple
                0x08000ac8                __aeabi_dcmpeq
                0x08000adc                __aeabi_dcmplt
                0x08000af0                __aeabi_dcmple
                0x08000b04                __aeabi_dcmpge
                0x08000b18                __aeabi_dcmpgt
 .text          0x08000b2c       0x2c C:/ST/STM32CubeIDE_1.17.0/STM32CubeIDE/plugins/com.st.stm32cube.ide.mcu.externaltools.gnu-tools-for-stm32.12.3.rel1.win32_1.1.0.202410251130/tools/bin/../lib/gcc/arm-none-eabi/12.3.1/thumb/v7e-m+fp/hard\libgcc.a(_arm_unorddf2.o)
                0x08000b2c                __unorddf2
                0x08000b2c                __aeabi_dcmpun
 .text          0x08000b58       0x50 C:/ST/STM32CubeIDE_1.17.0/STM32CubeIDE/plugins/com.st.stm32cube.ide.mcu.externaltools.gnu-tools-for-stm32.12.3.rel1.win32_1.1.0.202410251130/tools/bin/../lib/gcc/arm-none-eabi/12.3.1/thumb/v7e-m+fp/hard\libgcc.a(_arm_fixdfsi.o)
                0x08000b58                __aeabi_d2iz
                0x08000b58                __fixdfsi
 .text          0x08000ba8       0xa0 C:/ST/STM32CubeIDE_1.17.0/STM32CubeIDE/plugins/com.st.stm32cube.ide.mcu.externaltools.gnu-tools-for-stm32.12.3.rel1.win32_1.1.0.202410251130/tools/bin/../lib/gcc/arm-none-eabi/12.3.1/thumb/v7e-m+fp/hard\libgcc.a(_arm_truncdfsf2.o)
                0x08000ba8                __truncdfsf2
                0x08000ba8                __aeabi_d2f
 .text          0x08000c48       0x30 C:/ST/STM32CubeIDE_1.17.0/STM32CubeIDE/plugins/com.st.stm32cube.ide.mcu.externaltools.gnu-tools-for-stm32.12.3.rel1.win32_1.1.0.202410251130/tools/bin/../lib/gcc/arm-none-eabi/12.3.1/thumb/v7e-m+fp/hard\libgcc.a(_aeabi_uldivmod.o)
                0x08000c48                __aeabi_uldivmod
 .text          0x08000c78      0x2bc C:/ST/STM32CubeIDE_1.17.0/STM32CubeIDE/plugins/com.st.stm32cube.ide.mcu.externaltools.gnu-tools-for-stm32.12.3.rel1.win32_1.1.0.202410251130/tools/bin/../lib/gcc/arm-none-eabi/12.3.1/thumb/v7e-m+fp/hard\libgcc.a(_udivmoddi4.o)
                0x08000c78                __udivmoddi4
 .text          0x08000f34        0x4 C:/ST/STM32CubeIDE_1.17.0/STM32CubeIDE/plugins/com.st.stm32cube.ide.mcu.externaltools.gnu-tools-for-stm32.12.3.rel1.win32_1.1.0.202410251130/tools/bin/../lib/gcc/arm-none-eabi/12.3.1/thumb/v7e-m+fp/hard\libgcc.a(_dvmd_tls.o)
                0x08000f34                __aeabi_idiv0
                0x08000f34                __aeabi_ldiv0
 *(.text*)
 .text.IMUTask  0x08000f38       0x90 ./Core/Src/Control.o
                0x08000f38                IMUTask
 .text.TPDTask  0x08000fc8       0x8c ./Core/Src/Control.o
                0x08000fc8                TPDTask
 *fill*         0x08001054        0x4 
 .text.PIDTask  0x08001058      0x214 ./Core/Src/Control.o
                0x08001058                PIDTask
 .text.System_Init
                0x0800126c       0xcc ./Core/Src/Control.o
                0x0800126c                System_Init
 .text.Build_Allocation_Matrix
                0x08001338      0x186 ./Core/Src/Maping.o
                0x08001338                Build_Allocation_Matrix
 .text.Cholesky_Solve
                0x080014be      0x436 ./Core/Src/Maping.o
                0x080014be                Cholesky_Solve
 .text.Mat_ATA_ATu
                0x080018f4      0x14c ./Core/Src/Maping.o
                0x080018f4                Mat_ATA_ATu
 .text.Allocate_Thrusters
                0x08001a40       0x8c ./Core/Src/Maping.o
                0x08001a40                Allocate_Thrusters
 .text.Allocate_Thrusters_Bounded
                0x08001acc      0x5e8 ./Core/Src/Maping.o
                0x08001acc                Allocate_Thrusters_Bounded
 .text.Thrust_To_PWM
                0x080020b4       0xa4 ./Core/Src/Maping.o
                0x080020b4                Thrust_To_PWM
 .text.Map_All_To_PWM
                0x08002158       0x5e ./Core/Src/Maping.o
                0x08002158                Map_All_To_PWM
 .text.Allocate_And_Map
                0x080021b6       0x8e ./Core/Src/Maping.o
                0x080021b6                Allocate_And_Map
 .text.u_zero   0x08002244       0x3a ./Core/Src/Maping.o
                0x08002244                u_zero
 .text.clampf   0x0800227e       0x52 ./Core/Src/PID.o
                0x0800227e                clampf
 .text.pid_update
                0x080022d0      0x114 ./Core/Src/PID.o
                0x080022d0                pid_update
 .text.HAL_TIM_PeriodElapsedCallback
                0x080023e4       0x44 ./Core/Src/main.o
                0x080023e4                HAL_TIM_PeriodElapsedCallback
 .text.main     0x08002428       0xd4 ./Core/Src/main.o
                0x08002428                main
 .text.SystemClock_Config
                0x080024fc       0xd4 ./Core/Src/main.o
                0x080024fc                SystemClock_Config
 .text.MX_I2C1_Init
                0x080025d0       0x5c ./Core/Src/main.o
 .text.MX_SPI1_Init
                0x0800262c       0x6c ./Core/Src/main.o
 .text.MX_TIM1_Init
                0x08002698      0x188 ./Core/Src/main.o
 .text.MX_TIM2_Init
                0x08002820       0xec ./Core/Src/main.o
 .text.MX_TIM3_Init
                0x0800290c       0x9c ./Core/Src/main.o
 .text.MX_TIM8_Init
                0x080029a8      0x170 ./Core/Src/main.o
 .text.MX_USART2_UART_Init
                0x08002b18       0x54 ./Core/Src/main.o
 .text.MX_DMA_Init
                0x08002b6c       0x50 ./Core/Src/main.o
 .text.MX_GPIO_Init
                0x08002bbc       0x6c ./Core/Src/main.o
 .text.StartDefaultTask
                0x08002c28       0x10 ./Core/Src/main.o
                0x08002c28                StartDefaultTask
 .text.Error_Handler
                0x08002c38        0xc ./Core/Src/main.o
                0x08002c38                Error_Handler
 .text.crc_accumulate
                0x08002c44       0x64 ./Core/Src/mavlink_messages.o
 .text.crc_init
                0x08002ca8       0x1c ./Core/Src/mavlink_messages.o
 .text.crc_calculate
                0x08002cc4       0x40 ./Core/Src/mavlink_messages.o
 .text.crc_accumulate_buffer
                0x08002d04       0x38 ./Core/Src/mavlink_messages.o
 .text.mavlink_sha256_init
                0x08002d3c       0x70 ./Core/Src/mavlink_messages.o
 .text.mavlink_sha256_calc
                0x08002dac      0x3c0 ./Core/Src/mavlink_messages.o
 .text.mavlink_sha256_update
                0x0800316c      0x104 ./Core/Src/mavlink_messages.o
 .text.mavlink_sha256_final_48
                0x08003270      0x12e ./Core/Src/mavlink_messages.o
 *fill*         0x0800339e        0x2 
 .text.mavlink_get_channel_status
                0x080033a0       0x28 ./Core/Src/mavlink_messages.o
 .text.mavlink_get_channel_buffer
                0x080033c8       0x28 ./Core/Src/mavlink_messages.o
 .text.mavlink_sign_packet
                0x080033f0       0xcc ./Core/Src/mavlink_messages.o
 .text._mav_trim_payload
                0x080034bc       0x36 ./Core/Src/mavlink_messages.o
 *fill*         0x080034f2        0x2 
 .text.mavlink_signature_check
                0x080034f4      0x2a0 ./Core/Src/mavlink_messages.o
 .text.mavlink_finalize_message_buffer
                0x08003794      0x26e ./Core/Src/mavlink_messages.o
 .text.mavlink_finalize_message_chan
                0x08003a02       0x48 ./Core/Src/mavlink_messages.o
 .text.mavlink_finalize_message
                0x08003a4a       0x3c ./Core/Src/mavlink_messages.o
 .text._mav_parse_error
                0x08003a86       0x20 ./Core/Src/mavlink_messages.o
 .text.mavlink_start_checksum
                0x08003aa6       0x24 ./Core/Src/mavlink_messages.o
 .text.mavlink_update_checksum
                0x08003aca       0x30 ./Core/Src/mavlink_messages.o
 *fill*         0x08003afa        0x2 
 .text.mavlink_get_msg_entry
                0x08003afc       0xa0 ./Core/Src/mavlink_messages.o
 .text.mavlink_frame_char_buffer
                0x08003b9c      0x5a8 ./Core/Src/mavlink_messages.o
 .text.mavlink_frame_char
                0x08004144       0x3e ./Core/Src/mavlink_messages.o
 .text.mavlink_parse_char
                0x08004182       0x7a ./Core/Src/mavlink_messages.o
 .text.mavlink_msg_attitude_pack
                0x080041fc       0x8e ./Core/Src/mavlink_messages.o
 .text.mavlink_msg_attitude_encode
                0x0800428a       0x68 ./Core/Src/mavlink_messages.o
 .text.mavlink_msg_manual_control_decode
                0x080042f2       0x36 ./Core/Src/mavlink_messages.o
 .text.mavlink_msg_vfr_hud_pack
                0x08004328       0x7e ./Core/Src/mavlink_messages.o
 .text.mavlink_msg_command_long_decode
                0x080043a6       0x36 ./Core/Src/mavlink_messages.o
 .text.Set_mavlink
                0x080043dc       0x34 ./Core/Src/mavlink_messages.o
                0x080043dc                Set_mavlink
 .text.Start_UART_DMA_Receive
                0x08004410       0x20 ./Core/Src/mavlink_messages.o
                0x08004410                Start_UART_DMA_Receive
 .text.HAL_UART_TxCpltCallback
                0x08004430       0x2c ./Core/Src/mavlink_messages.o
                0x08004430                HAL_UART_TxCpltCallback
 .text.HAL_UARTEx_RxEventCallback
                0x0800445c       0x6c ./Core/Src/mavlink_messages.o
                0x0800445c                HAL_UARTEx_RxEventCallback
 .text.HAL_UART_ErrorCallback
                0x080044c8       0x30 ./Core/Src/mavlink_messages.o
                0x080044c8                HAL_UART_ErrorCallback
 .text.UpdateAttitude
                0x080044f8       0x5c ./Core/Src/mavlink_messages.o
                0x080044f8                UpdateAttitude
 .text.UpdateVfrHud
                0x08004554       0x58 ./Core/Src/mavlink_messages.o
                0x08004554                UpdateVfrHud
 .text.Msg_processing
                0x080045ac       0xbe ./Core/Src/mavlink_messages.o
                0x080045ac                Msg_processing
 *fill*         0x0800466a        0x2 
 .text.Motors_Init_Values
                0x0800466c       0xc8 ./Core/Src/motor_interface.o
                0x0800466c                Motors_Init_Values
 .text.Motor_Set_timer
                0x08004734       0x48 ./Core/Src/motor_interface.o
                0x08004734                Motor_Set_timer
 .text.Motor_CalibrateESC
                0x0800477c      0x280 ./Core/Src/motor_interface.o
                0x0800477c                Motor_CalibrateESC
 .text.Motor_Enable
                0x080049fc      0x198 ./Core/Src/motor_interface.o
                0x080049fc                Motor_Enable
 .text.Motor_SetSpeed
                0x08004b94       0xf8 ./Core/Src/motor_interface.o
                0x08004b94                Motor_SetSpeed
 .text.SetSpeed
                0x08004c8c       0x3a ./Core/Src/motor_interface.o
                0x08004c8c                SetSpeed
 .text.Motor_Stop
                0x08004cc6       0x4a ./Core/Src/motor_interface.o
                0x08004cc6                Motor_Stop
 .text.Motor_Disable
                0x08004d10       0xe4 ./Core/Src/motor_interface.o
                0x08004d10                Motor_Disable
 .text.GetTimChannel
                0x08004df4       0x48 ./Core/Src/motor_interface.o
                0x08004df4                GetTimChannel
 .text.Move_Update
                0x08004e3c       0x70 ./Core/Src/motor_interface.o
                0x08004e3c                Move_Update
 .text.MPU6050_ReadWhoAmI
                0x08004eac       0x3c ./Core/Src/mpu6050.o
                0x08004eac                MPU6050_ReadWhoAmI
 .text.MPU6050_Init
                0x08004ee8       0x58 ./Core/Src/mpu6050.o
                0x08004ee8                MPU6050_Init
 .text.MPU6050_Update
                0x08004f40      0x3f8 ./Core/Src/mpu6050.o
                0x08004f40                MPU6050_Update
 .text.Pressure_sensor_Setup
                0x08005338       0x2c ./Core/Src/pressure_sensor.o
                0x08005338                Pressure_sensor_Setup
 .text.Pressure_sensor_Init
                0x08005364       0xfc ./Core/Src/pressure_sensor.o
                0x08005364                Pressure_sensor_Init
 .text.Sensor_Reset
                0x08005460       0x38 ./Core/Src/pressure_sensor.o
                0x08005460                Sensor_Reset
 .text.Read_Calibration_Word
                0x08005498       0x94 ./Core/Src/pressure_sensor.o
                0x08005498                Read_Calibration_Word
 .text.Read_Pressure
                0x0800552c       0x8c ./Core/Src/pressure_sensor.o
                0x0800552c                Read_Pressure
 .text.Read_Temperature
                0x080055b8       0x88 ./Core/Src/pressure_sensor.o
                0x080055b8                Read_Temperature
 .text.MS5540_Update
                0x08005640      0x1a0 ./Core/Src/pressure_sensor.o
                0x08005640                MS5540_Update
 .text.HAL_MspInit
                0x080057e0       0x58 ./Core/Src/stm32f4xx_hal_msp.o
                0x080057e0                HAL_MspInit
 .text.HAL_I2C_MspInit
                0x08005838       0x90 ./Core/Src/stm32f4xx_hal_msp.o
                0x08005838                HAL_I2C_MspInit
 .text.HAL_SPI_MspInit
                0x080058c8       0x90 ./Core/Src/stm32f4xx_hal_msp.o
                0x080058c8                HAL_SPI_MspInit
 .text.HAL_TIM_Base_MspInit
                0x08005958       0xd0 ./Core/Src/stm32f4xx_hal_msp.o
                0x08005958                HAL_TIM_Base_MspInit
 .text.HAL_TIM_MspPostInit
                0x08005a28      0x110 ./Core/Src/stm32f4xx_hal_msp.o
                0x08005a28                HAL_TIM_MspPostInit
 .text.HAL_UART_MspInit
                0x08005b38      0x170 ./Core/Src/stm32f4xx_hal_msp.o
                0x08005b38                HAL_UART_MspInit
 .text.NMI_Handler
                0x08005ca8        0x8 ./Core/Src/stm32f4xx_it.o
                0x08005ca8                NMI_Handler
 .text.HardFault_Handler
                0x08005cb0        0x8 ./Core/Src/stm32f4xx_it.o
                0x08005cb0                HardFault_Handler
 .text.MemManage_Handler
                0x08005cb8        0x8 ./Core/Src/stm32f4xx_it.o
                0x08005cb8                MemManage_Handler
 .text.BusFault_Handler
                0x08005cc0        0x8 ./Core/Src/stm32f4xx_it.o
                0x08005cc0                BusFault_Handler
 .text.UsageFault_Handler
                0x08005cc8        0x8 ./Core/Src/stm32f4xx_it.o
                0x08005cc8                UsageFault_Handler
 .text.DebugMon_Handler
                0x08005cd0        0xe ./Core/Src/stm32f4xx_it.o
                0x08005cd0                DebugMon_Handler
 .text.SysTick_Handler
                0x08005cde       0x1a ./Core/Src/stm32f4xx_it.o
                0x08005cde                SysTick_Handler
 .text.DMA1_Stream5_IRQHandler
                0x08005cf8       0x14 ./Core/Src/stm32f4xx_it.o
                0x08005cf8                DMA1_Stream5_IRQHandler
 .text.DMA1_Stream6_IRQHandler
                0x08005d0c       0x14 ./Core/Src/stm32f4xx_it.o
                0x08005d0c                DMA1_Stream6_IRQHandler
 .text.TIM3_IRQHandler
                0x08005d20       0x14 ./Core/Src/stm32f4xx_it.o
                0x08005d20                TIM3_IRQHandler
 .text.USART2_IRQHandler
                0x08005d34       0x14 ./Core/Src/stm32f4xx_it.o
                0x08005d34                USART2_IRQHandler
 .text._getpid  0x08005d48       0x10 ./Core/Src/syscalls.o
                0x08005d48                _getpid
 .text._kill    0x08005d58       0x20 ./Core/Src/syscalls.o
                0x08005d58                _kill
 .text._exit    0x08005d78       0x16 ./Core/Src/syscalls.o
                0x08005d78                _exit
 .text._read    0x08005d8e       0x3a ./Core/Src/syscalls.o
                0x08005d8e                _read
 .text._write   0x08005dc8       0x38 ./Core/Src/syscalls.o
                0x08005dc8                _write
 .text._close   0x08005e00       0x18 ./Core/Src/syscalls.o
                0x08005e00                _close
 .text._fstat   0x08005e18       0x20 ./Core/Src/syscalls.o
                0x08005e18                _fstat
 .text._isatty  0x08005e38       0x16 ./Core/Src/syscalls.o
                0x08005e38                _isatty
 .text._lseek   0x08005e4e       0x1a ./Core/Src/syscalls.o
                0x08005e4e                _lseek
 .text._sbrk    0x08005e68       0x6c ./Core/Src/sysmem.o
                0x08005e68                _sbrk
 .text.SystemInit
                0x08005ed4       0x24 ./Core/Src/system_stm32f4xx.o
                0x08005ed4                SystemInit
 .text.Reset_Handler
                0x08005ef8       0x50 ./Core/Startup/startup_stm32f405rgtx.o
                0x08005ef8                Reset_Handler
 .text.Default_Handler
                0x08005f48        0x2 ./Core/Startup/startup_stm32f405rgtx.o
                0x08005f48                RTC_Alarm_IRQHandler
                0x08005f48                HASH_RNG_IRQHandler
                0x08005f48                EXTI2_IRQHandler
                0x08005f48                TIM8_CC_IRQHandler
                0x08005f48                TIM1_CC_IRQHandler
                0x08005f48                DMA2_Stream5_IRQHandler
                0x08005f48                PVD_IRQHandler
                0x08005f48                SDIO_IRQHandler
                0x08005f48                TAMP_STAMP_IRQHandler
                0x08005f48                CAN2_RX1_IRQHandler
                0x08005f48                EXTI3_IRQHandler
                0x08005f48                TIM8_TRG_COM_TIM14_IRQHandler
                0x08005f48                TIM1_UP_TIM10_IRQHandler
                0x08005f48                TIM8_UP_TIM13_IRQHandler
                0x08005f48                I2C3_ER_IRQHandler
                0x08005f48                EXTI0_IRQHandler
                0x08005f48                I2C2_EV_IRQHandler
                0x08005f48                DMA1_Stream2_IRQHandler
                0x08005f48                CAN1_RX0_IRQHandler
                0x08005f48                FPU_IRQHandler
                0x08005f48                OTG_HS_WKUP_IRQHandler
                0x08005f48                CAN2_SCE_IRQHandler
                0x08005f48                DMA2_Stream2_IRQHandler
                0x08005f48                SPI1_IRQHandler
                0x08005f48                TIM6_DAC_IRQHandler
                0x08005f48                TIM1_BRK_TIM9_IRQHandler
                0x08005f48                CAN2_RX0_IRQHandler
                0x08005f48                DMA2_Stream3_IRQHandler
                0x08005f48                USART6_IRQHandler
                0x08005f48                USART3_IRQHandler
                0x08005f48                CAN1_RX1_IRQHandler
                0x08005f48                UART5_IRQHandler
                0x08005f48                DMA2_Stream0_IRQHandler
                0x08005f48                TIM4_IRQHandler
                0x08005f48                I2C1_EV_IRQHandler
                0x08005f48                DMA1_Stream1_IRQHandler
                0x08005f48                UART4_IRQHandler
                0x08005f48                RCC_IRQHandler
                0x08005f48                TIM8_BRK_TIM12_IRQHandler
                0x08005f48                Default_Handler
                0x08005f48                EXTI15_10_IRQHandler
                0x08005f48                ADC_IRQHandler
                0x08005f48                DMA1_Stream7_IRQHandler
                0x08005f48                TIM7_IRQHandler
                0x08005f48                CAN2_TX_IRQHandler
                0x08005f48                TIM5_IRQHandler
                0x08005f48                DMA2_Stream7_IRQHandler
                0x08005f48                I2C3_EV_IRQHandler
                0x08005f48                EXTI9_5_IRQHandler
                0x08005f48                RTC_WKUP_IRQHandler
                0x08005f48                SPI2_IRQHandler
                0x08005f48                OTG_HS_EP1_IN_IRQHandler
                0x08005f48                DMA1_Stream0_IRQHandler
                0x08005f48                CAN1_TX_IRQHandler
                0x08005f48                EXTI4_IRQHandler
                0x08005f48                FSMC_IRQHandler
                0x08005f48                OTG_HS_EP1_OUT_IRQHandler
                0x08005f48                WWDG_IRQHandler
                0x08005f48                TIM2_IRQHandler
                0x08005f48                OTG_FS_WKUP_IRQHandler
                0x08005f48                TIM1_TRG_COM_TIM11_IRQHandler
                0x08005f48                OTG_HS_IRQHandler
                0x08005f48                EXTI1_IRQHandler
                0x08005f48                I2C2_ER_IRQHandler
                0x08005f48                DMA2_Stream1_IRQHandler
                0x08005f48                CAN1_SCE_IRQHandler
                0x08005f48                FLASH_IRQHandler
                0x08005f48                DMA2_Stream4_IRQHandler
                0x08005f48                USART1_IRQHandler
                0x08005f48                OTG_FS_IRQHandler
                0x08005f48                SPI3_IRQHandler
                0x08005f48                DMA1_Stream4_IRQHandler
                0x08005f48                I2C1_ER_IRQHandler
                0x08005f48                DMA2_Stream6_IRQHandler
                0x08005f48                DMA1_Stream3_IRQHandler
 *fill*         0x08005f4a        0x2 
 .text.HAL_Init
                0x08005f4c       0x44 ./Drivers/STM32F4xx_HAL_Driver/Src/stm32f4xx_hal.o
                0x08005f4c                HAL_Init
 .text.HAL_InitTick
                0x08005f90       0x60 ./Drivers/STM32F4xx_HAL_Driver/Src/stm32f4xx_hal.o
                0x08005f90                HAL_InitTick
 .text.HAL_IncTick
                0x08005ff0       0x28 ./Drivers/STM32F4xx_HAL_Driver/Src/stm32f4xx_hal.o
                0x08005ff0                HAL_IncTick
 .text.HAL_GetTick
                0x08006018       0x18 ./Drivers/STM32F4xx_HAL_Driver/Src/stm32f4xx_hal.o
                0x08006018                HAL_GetTick
 .text.HAL_Delay
                0x08006030       0x48 ./Drivers/STM32F4xx_HAL_Driver/Src/stm32f4xx_hal.o
                0x08006030                HAL_Delay
 .text.__NVIC_SetPriorityGrouping
                0x08006078       0x48 ./Drivers/STM32F4xx_HAL_Driver/Src/stm32f4xx_hal_cortex.o
 .text.__NVIC_GetPriorityGrouping
                0x080060c0       0x1c ./Drivers/STM32F4xx_HAL_Driver/Src/stm32f4xx_hal_cortex.o
 .text.__NVIC_EnableIRQ
                0x080060dc       0x3c ./Drivers/STM32F4xx_HAL_Driver/Src/stm32f4xx_hal_cortex.o
 .text.__NVIC_SetPriority
                0x08006118       0x54 ./Drivers/STM32F4xx_HAL_Driver/Src/stm32f4xx_hal_cortex.o
 .text.NVIC_EncodePriority
                0x0800616c       0x66 ./Drivers/STM32F4xx_HAL_Driver/Src/stm32f4xx_hal_cortex.o
 *fill*         0x080061d2        0x2 
 .text.SysTick_Config
                0x080061d4       0x44 ./Drivers/STM32F4xx_HAL_Driver/Src/stm32f4xx_hal_cortex.o
 .text.HAL_NVIC_SetPriorityGrouping
                0x08006218       0x16 ./Drivers/STM32F4xx_HAL_Driver/Src/stm32f4xx_hal_cortex.o
                0x08006218                HAL_NVIC_SetPriorityGrouping
 .text.HAL_NVIC_SetPriority
                0x0800622e       0x38 ./Drivers/STM32F4xx_HAL_Driver/Src/stm32f4xx_hal_cortex.o
                0x0800622e                HAL_NVIC_SetPriority
 .text.HAL_NVIC_EnableIRQ
                0x08006266       0x1c ./Drivers/STM32F4xx_HAL_Driver/Src/stm32f4xx_hal_cortex.o
                0x08006266                HAL_NVIC_EnableIRQ
 .text.HAL_SYSTICK_Config
                0x08006282       0x18 ./Drivers/STM32F4xx_HAL_Driver/Src/stm32f4xx_hal_cortex.o
                0x08006282                HAL_SYSTICK_Config
 *fill*         0x0800629a        0x2 
 .text.HAL_DMA_Init
                0x0800629c      0x15c ./Drivers/STM32F4xx_HAL_Driver/Src/stm32f4xx_hal_dma.o
                0x0800629c                HAL_DMA_Init
 .text.HAL_DMA_Start_IT
                0x080063f8       0xb0 ./Drivers/STM32F4xx_HAL_Driver/Src/stm32f4xx_hal_dma.o
                0x080063f8                HAL_DMA_Start_IT
 .text.HAL_DMA_Abort
                0x080064a8       0xe0 ./Drivers/STM32F4xx_HAL_Driver/Src/stm32f4xx_hal_dma.o
                0x080064a8                HAL_DMA_Abort
 .text.HAL_DMA_Abort_IT
                0x08006588       0x44 ./Drivers/STM32F4xx_HAL_Driver/Src/stm32f4xx_hal_dma.o
                0x08006588                HAL_DMA_Abort_IT
 .text.HAL_DMA_IRQHandler
                0x080065cc      0x314 ./Drivers/STM32F4xx_HAL_Driver/Src/stm32f4xx_hal_dma.o
                0x080065cc                HAL_DMA_IRQHandler
 .text.DMA_SetConfig
                0x080068e0       0x5c ./Drivers/STM32F4xx_HAL_Driver/Src/stm32f4xx_hal_dma.o
 .text.DMA_CalcBaseAndBitshift
                0x0800693c       0x6c ./Drivers/STM32F4xx_HAL_Driver/Src/stm32f4xx_hal_dma.o
 .text.DMA_CheckFifoParam
                0x080069a8       0xf8 ./Drivers/STM32F4xx_HAL_Driver/Src/stm32f4xx_hal_dma.o
 .text.HAL_GPIO_Init
                0x08006aa0      0x338 ./Drivers/STM32F4xx_HAL_Driver/Src/stm32f4xx_hal_gpio.o
                0x08006aa0                HAL_GPIO_Init
 .text.HAL_I2C_Init
                0x08006dd8      0x288 ./Drivers/STM32F4xx_HAL_Driver/Src/stm32f4xx_hal_i2c.o
                0x08006dd8                HAL_I2C_Init
 .text.HAL_I2C_Master_Transmit
                0x08007060      0x1fc ./Drivers/STM32F4xx_HAL_Driver/Src/stm32f4xx_hal_i2c.o
                0x08007060                HAL_I2C_Master_Transmit
 .text.HAL_I2C_Mem_Read
                0x0800725c      0x464 ./Drivers/STM32F4xx_HAL_Driver/Src/stm32f4xx_hal_i2c.o
                0x0800725c                HAL_I2C_Mem_Read
 .text.I2C_MasterRequestWrite
                0x080076c0      0x104 ./Drivers/STM32F4xx_HAL_Driver/Src/stm32f4xx_hal_i2c.o
 .text.I2C_RequestMemoryRead
                0x080077c4      0x1d0 ./Drivers/STM32F4xx_HAL_Driver/Src/stm32f4xx_hal_i2c.o
 .text.I2C_WaitOnFlagUntilTimeout
                0x08007994       0xf4 ./Drivers/STM32F4xx_HAL_Driver/Src/stm32f4xx_hal_i2c.o
 .text.I2C_WaitOnMasterAddressFlagUntilTimeout
                0x08007a88      0x140 ./Drivers/STM32F4xx_HAL_Driver/Src/stm32f4xx_hal_i2c.o
 .text.I2C_WaitOnTXEFlagUntilTimeout
                0x08007bc8       0x90 ./Drivers/STM32F4xx_HAL_Driver/Src/stm32f4xx_hal_i2c.o
 .text.I2C_WaitOnBTFFlagUntilTimeout
                0x08007c58       0x90 ./Drivers/STM32F4xx_HAL_Driver/Src/stm32f4xx_hal_i2c.o
 .text.I2C_WaitOnRXNEFlagUntilTimeout
                0x08007ce8       0xba ./Drivers/STM32F4xx_HAL_Driver/Src/stm32f4xx_hal_i2c.o
 .text.I2C_IsAcknowledgeFailed
                0x08007da2       0x5e ./Drivers/STM32F4xx_HAL_Driver/Src/stm32f4xx_hal_i2c.o
 .text.HAL_RCC_OscConfig
                0x08007e00      0x4f0 ./Drivers/STM32F4xx_HAL_Driver/Src/stm32f4xx_hal_rcc.o
                0x08007e00                HAL_RCC_OscConfig
 .text.HAL_RCC_ClockConfig
                0x080082f0      0x1cc ./Drivers/STM32F4xx_HAL_Driver/Src/stm32f4xx_hal_rcc.o
                0x080082f0                HAL_RCC_ClockConfig
 .text.HAL_RCC_GetSysClockFreq
                0x080084bc      0x18c ./Drivers/STM32F4xx_HAL_Driver/Src/stm32f4xx_hal_rcc.o
                0x080084bc                HAL_RCC_GetSysClockFreq
 .text.HAL_RCC_GetHCLKFreq
                0x08008648       0x18 ./Drivers/STM32F4xx_HAL_Driver/Src/stm32f4xx_hal_rcc.o
                0x08008648                HAL_RCC_GetHCLKFreq
 .text.HAL_RCC_GetPCLK1Freq
                0x08008660       0x28 ./Drivers/STM32F4xx_HAL_Driver/Src/stm32f4xx_hal_rcc.o
                0x08008660                HAL_RCC_GetPCLK1Freq
 .text.HAL_RCC_GetPCLK2Freq
                0x08008688       0x28 ./Drivers/STM32F4xx_HAL_Driver/Src/stm32f4xx_hal_rcc.o
                0x08008688                HAL_RCC_GetPCLK2Freq
 .text.HAL_SPI_Init
                0x080086b0      0x112 ./Drivers/STM32F4xx_HAL_Driver/Src/stm32f4xx_hal_spi.o
                0x080086b0                HAL_SPI_Init
 .text.HAL_SPI_Transmit
                0x080087c2      0x288 ./Drivers/STM32F4xx_HAL_Driver/Src/stm32f4xx_hal_spi.o
                0x080087c2                HAL_SPI_Transmit
 .text.HAL_SPI_Receive
                0x08008a4a      0x232 ./Drivers/STM32F4xx_HAL_Driver/Src/stm32f4xx_hal_spi.o
                0x08008a4a                HAL_SPI_Receive
 .text.HAL_SPI_TransmitReceive
                0x08008c7c      0x352 ./Drivers/STM32F4xx_HAL_Driver/Src/stm32f4xx_hal_spi.o
                0x08008c7c                HAL_SPI_TransmitReceive
 *fill*         0x08008fce        0x2 
 .text.SPI_WaitFlagStateUntilTimeout
                0x08008fd0      0x110 ./Drivers/STM32F4xx_HAL_Driver/Src/stm32f4xx_hal_spi.o
 .text.SPI_EndRxTransaction
                0x080090e0       0xca ./Drivers/STM32F4xx_HAL_Driver/Src/stm32f4xx_hal_spi.o
 *fill*         0x080091aa        0x2 
 .text.SPI_EndRxTxTransaction
                0x080091ac       0xa8 ./Drivers/STM32F4xx_HAL_Driver/Src/stm32f4xx_hal_spi.o
 .text.HAL_TIM_Base_Init
                0x08009254       0x9e ./Drivers/STM32F4xx_HAL_Driver/Src/stm32f4xx_hal_tim.o
                0x08009254                HAL_TIM_Base_Init
 .text.HAL_TIM_PWM_Init
                0x080092f2       0x9e ./Drivers/STM32F4xx_HAL_Driver/Src/stm32f4xx_hal_tim.o
                0x080092f2                HAL_TIM_PWM_Init
 .text.HAL_TIM_PWM_MspInit
                0x08009390       0x14 ./Drivers/STM32F4xx_HAL_Driver/Src/stm32f4xx_hal_tim.o
                0x08009390                HAL_TIM_PWM_MspInit
 .text.HAL_TIM_PWM_Start
                0x080093a4      0x190 ./Drivers/STM32F4xx_HAL_Driver/Src/stm32f4xx_hal_tim.o
                0x080093a4                HAL_TIM_PWM_Start
 .text.HAL_TIM_PWM_Stop
                0x08009534       0xe0 ./Drivers/STM32F4xx_HAL_Driver/Src/stm32f4xx_hal_tim.o
                0x08009534                HAL_TIM_PWM_Stop
 .text.HAL_TIM_IRQHandler
                0x08009614      0x1e0 ./Drivers/STM32F4xx_HAL_Driver/Src/stm32f4xx_hal_tim.o
                0x08009614                HAL_TIM_IRQHandler
 .text.HAL_TIM_PWM_ConfigChannel
                0x080097f4      0x184 ./Drivers/STM32F4xx_HAL_Driver/Src/stm32f4xx_hal_tim.o
                0x080097f4                HAL_TIM_PWM_ConfigChannel
 .text.HAL_TIM_ConfigClockSource
                0x08009978      0x18e ./Drivers/STM32F4xx_HAL_Driver/Src/stm32f4xx_hal_tim.o
                0x08009978                HAL_TIM_ConfigClockSource
 .text.HAL_TIM_OC_DelayElapsedCallback
                0x08009b06       0x14 ./Drivers/STM32F4xx_HAL_Driver/Src/stm32f4xx_hal_tim.o
                0x08009b06                HAL_TIM_OC_DelayElapsedCallback
 .text.HAL_TIM_IC_CaptureCallback
                0x08009b1a       0x14 ./Drivers/STM32F4xx_HAL_Driver/Src/stm32f4xx_hal_tim.o
                0x08009b1a                HAL_TIM_IC_CaptureCallback
 .text.HAL_TIM_PWM_PulseFinishedCallback
                0x08009b2e       0x14 ./Drivers/STM32F4xx_HAL_Driver/Src/stm32f4xx_hal_tim.o
                0x08009b2e                HAL_TIM_PWM_PulseFinishedCallback
 .text.HAL_TIM_TriggerCallback
                0x08009b42       0x14 ./Drivers/STM32F4xx_HAL_Driver/Src/stm32f4xx_hal_tim.o
                0x08009b42                HAL_TIM_TriggerCallback
 *fill*         0x08009b56        0x2 
 .text.TIM_Base_SetConfig
                0x08009b58      0x158 ./Drivers/STM32F4xx_HAL_Driver/Src/stm32f4xx_hal_tim.o
                0x08009b58                TIM_Base_SetConfig
 .text.TIM_OC1_SetConfig
                0x08009cb0       0xe0 ./Drivers/STM32F4xx_HAL_Driver/Src/stm32f4xx_hal_tim.o
 .text.TIM_OC2_SetConfig
                0x08009d90       0xec ./Drivers/STM32F4xx_HAL_Driver/Src/stm32f4xx_hal_tim.o
                0x08009d90                TIM_OC2_SetConfig
 .text.TIM_OC3_SetConfig
                0x08009e7c       0xe8 ./Drivers/STM32F4xx_HAL_Driver/Src/stm32f4xx_hal_tim.o
 .text.TIM_OC4_SetConfig
                0x08009f64       0xac ./Drivers/STM32F4xx_HAL_Driver/Src/stm32f4xx_hal_tim.o
 .text.TIM_TI1_ConfigInputStage
                0x0800a010       0x5e ./Drivers/STM32F4xx_HAL_Driver/Src/stm32f4xx_hal_tim.o
 .text.TIM_TI2_ConfigInputStage
                0x0800a06e       0x60 ./Drivers/STM32F4xx_HAL_Driver/Src/stm32f4xx_hal_tim.o
 .text.TIM_ITRx_SetConfig
                0x0800a0ce       0x36 ./Drivers/STM32F4xx_HAL_Driver/Src/stm32f4xx_hal_tim.o
 .text.TIM_ETR_SetConfig
                0x0800a104       0x40 ./Drivers/STM32F4xx_HAL_Driver/Src/stm32f4xx_hal_tim.o
                0x0800a104                TIM_ETR_SetConfig
 .text.TIM_CCxChannelCmd
                0x0800a144       0x4a ./Drivers/STM32F4xx_HAL_Driver/Src/stm32f4xx_hal_tim.o
                0x0800a144                TIM_CCxChannelCmd
 *fill*         0x0800a18e        0x2 
 .text.HAL_TIMEx_MasterConfigSynchronization
                0x0800a190       0xf8 ./Drivers/STM32F4xx_HAL_Driver/Src/stm32f4xx_hal_tim_ex.o
                0x0800a190                HAL_TIMEx_MasterConfigSynchronization
 .text.HAL_TIMEx_ConfigBreakDeadTime
                0x0800a288       0xa4 ./Drivers/STM32F4xx_HAL_Driver/Src/stm32f4xx_hal_tim_ex.o
                0x0800a288                HAL_TIMEx_ConfigBreakDeadTime
 .text.HAL_TIMEx_CommutCallback
                0x0800a32c       0x14 ./Drivers/STM32F4xx_HAL_Driver/Src/stm32f4xx_hal_tim_ex.o
                0x0800a32c                HAL_TIMEx_CommutCallback
 .text.HAL_TIMEx_BreakCallback
                0x0800a340       0x14 ./Drivers/STM32F4xx_HAL_Driver/Src/stm32f4xx_hal_tim_ex.o
                0x0800a340                HAL_TIMEx_BreakCallback
 .text.HAL_UART_Init
                0x0800a354       0xa0 ./Drivers/STM32F4xx_HAL_Driver/Src/stm32f4xx_hal_uart.o
                0x0800a354                HAL_UART_Init
 .text.HAL_UARTEx_ReceiveToIdle_DMA
                0x0800a3f4       0xba ./Drivers/STM32F4xx_HAL_Driver/Src/stm32f4xx_hal_uart.o
                0x0800a3f4                HAL_UARTEx_ReceiveToIdle_DMA
 *fill*         0x0800a4ae        0x2 
 .text.HAL_UART_IRQHandler
                0x0800a4b0      0x524 ./Drivers/STM32F4xx_HAL_Driver/Src/stm32f4xx_hal_uart.o
                0x0800a4b0                HAL_UART_IRQHandler
 .text.HAL_UART_RxCpltCallback
                0x0800a9d4       0x14 ./Drivers/STM32F4xx_HAL_Driver/Src/stm32f4xx_hal_uart.o
                0x0800a9d4                HAL_UART_RxCpltCallback
 .text.HAL_UART_RxHalfCpltCallback
                0x0800a9e8       0x14 ./Drivers/STM32F4xx_HAL_Driver/Src/stm32f4xx_hal_uart.o
                0x0800a9e8                HAL_UART_RxHalfCpltCallback
 .text.UART_DMAReceiveCplt
                0x0800a9fc      0x12c ./Drivers/STM32F4xx_HAL_Driver/Src/stm32f4xx_hal_uart.o
 .text.UART_DMARxHalfCplt
                0x0800ab28       0x3c ./Drivers/STM32F4xx_HAL_Driver/Src/stm32f4xx_hal_uart.o
 .text.UART_DMAError
                0x0800ab64       0x94 ./Drivers/STM32F4xx_HAL_Driver/Src/stm32f4xx_hal_uart.o
 .text.UART_Start_Receive_DMA
                0x0800abf8      0x134 ./Drivers/STM32F4xx_HAL_Driver/Src/stm32f4xx_hal_uart.o
                0x0800abf8                UART_Start_Receive_DMA
 .text.UART_EndTxTransfer
                0x0800ad2c       0x50 ./Drivers/STM32F4xx_HAL_Driver/Src/stm32f4xx_hal_uart.o
 .text.UART_EndRxTransfer
                0x0800ad7c       0xc6 ./Drivers/STM32F4xx_HAL_Driver/Src/stm32f4xx_hal_uart.o
 .text.UART_DMAAbortOnError
                0x0800ae42       0x28 ./Drivers/STM32F4xx_HAL_Driver/Src/stm32f4xx_hal_uart.o
 .text.UART_Transmit_IT
                0x0800ae6a       0xa0 ./Drivers/STM32F4xx_HAL_Driver/Src/stm32f4xx_hal_uart.o
 .text.UART_EndTransmit_IT
                0x0800af0a       0x30 ./Drivers/STM32F4xx_HAL_Driver/Src/stm32f4xx_hal_uart.o
 .text.UART_Receive_IT
                0x0800af3a      0x17c ./Drivers/STM32F4xx_HAL_Driver/Src/stm32f4xx_hal_uart.o
 *fill*         0x0800b0b6        0x2 
 .text.UART_SetConfig
                0x0800b0b8      0x4e8 ./Drivers/STM32F4xx_HAL_Driver/Src/stm32f4xx_hal_uart.o
 .text.__NVIC_SetPriority
                0x0800b5a0       0x54 ./Middlewares/Third_Party/FreeRTOS/Source/CMSIS_RTOS_V2/cmsis_os2.o
 .text.SVC_Setup
                0x0800b5f4       0x12 ./Middlewares/Third_Party/FreeRTOS/Source/CMSIS_RTOS_V2/cmsis_os2.o
 *fill*         0x0800b606        0x2 
 .text.osKernelInitialize
                0x0800b608       0x48 ./Middlewares/Third_Party/FreeRTOS/Source/CMSIS_RTOS_V2/cmsis_os2.o
                0x0800b608                osKernelInitialize
 .text.osKernelStart
                0x0800b650       0x4c ./Middlewares/Third_Party/FreeRTOS/Source/CMSIS_RTOS_V2/cmsis_os2.o
                0x0800b650                osKernelStart
 .text.osThreadNew
                0x0800b69c      0x124 ./Middlewares/Third_Party/FreeRTOS/Source/CMSIS_RTOS_V2/cmsis_os2.o
                0x0800b69c                osThreadNew
 .text.osDelay  0x0800b7c0       0x36 ./Middlewares/Third_Party/FreeRTOS/Source/CMSIS_RTOS_V2/cmsis_os2.o
                0x0800b7c0                osDelay
 *fill*         0x0800b7f6        0x2 
 .text.vApplicationGetIdleTaskMemory
                0x0800b7f8       0x34 ./Middlewares/Third_Party/FreeRTOS/Source/CMSIS_RTOS_V2/cmsis_os2.o
                0x0800b7f8                vApplicationGetIdleTaskMemory
 .text.vApplicationGetTimerTaskMemory
                0x0800b82c       0x34 ./Middlewares/Third_Party/FreeRTOS/Source/CMSIS_RTOS_V2/cmsis_os2.o
                0x0800b82c                vApplicationGetTimerTaskMemory
 .text.vListInitialise
                0x0800b860       0x40 ./Middlewares/Third_Party/FreeRTOS/Source/list.o
                0x0800b860                vListInitialise
 .text.vListInitialiseItem
                0x0800b8a0       0x1a ./Middlewares/Third_Party/FreeRTOS/Source/list.o
                0x0800b8a0                vListInitialiseItem
 .text.vListInsertEnd
                0x0800b8ba       0x48 ./Middlewares/Third_Party/FreeRTOS/Source/list.o
                0x0800b8ba                vListInsertEnd
 .text.vListInsert
                0x0800b902       0x72 ./Middlewares/Third_Party/FreeRTOS/Source/list.o
                0x0800b902                vListInsert
 .text.uxListRemove
                0x0800b974       0x54 ./Middlewares/Third_Party/FreeRTOS/Source/list.o
                0x0800b974                uxListRemove
 .text.xQueueGenericReset
                0x0800b9c8       0xd4 ./Middlewares/Third_Party/FreeRTOS/Source/queue.o
                0x0800b9c8                xQueueGenericReset
 .text.xQueueGenericCreateStatic
                0x0800ba9c       0xfa ./Middlewares/Third_Party/FreeRTOS/Source/queue.o
                0x0800ba9c                xQueueGenericCreateStatic
 .text.xQueueGenericCreate
                0x0800bb96       0x76 ./Middlewares/Third_Party/FreeRTOS/Source/queue.o
                0x0800bb96                xQueueGenericCreate
 .text.prvInitialiseNewQueue
                0x0800bc0c       0x46 ./Middlewares/Third_Party/FreeRTOS/Source/queue.o
 .text.prvInitialiseMutex
                0x0800bc52       0x34 ./Middlewares/Third_Party/FreeRTOS/Source/queue.o
 .text.xQueueCreateMutex
                0x0800bc86       0x30 ./Middlewares/Third_Party/FreeRTOS/Source/queue.o
                0x0800bc86                xQueueCreateMutex
 *fill*         0x0800bcb6        0x2 
 .text.xQueueGenericSend
                0x0800bcb8      0x204 ./Middlewares/Third_Party/FreeRTOS/Source/queue.o
                0x0800bcb8                xQueueGenericSend
 .text.xQueueGenericSendFromISR
                0x0800bebc      0x13c ./Middlewares/Third_Party/FreeRTOS/Source/queue.o
                0x0800bebc                xQueueGenericSendFromISR
 .text.xQueueReceive
                0x0800bff8      0x1c4 ./Middlewares/Third_Party/FreeRTOS/Source/queue.o
                0x0800bff8                xQueueReceive
 .text.xQueueSemaphoreTake
                0x0800c1bc      0x220 ./Middlewares/Third_Party/FreeRTOS/Source/queue.o
                0x0800c1bc                xQueueSemaphoreTake
 .text.prvGetDisinheritPriorityAfterTimeout
                0x0800c3dc       0x30 ./Middlewares/Third_Party/FreeRTOS/Source/queue.o
 .text.prvCopyDataToQueue
                0x0800c40c       0xd4 ./Middlewares/Third_Party/FreeRTOS/Source/queue.o
 .text.prvCopyDataFromQueue
                0x0800c4e0       0x4c ./Middlewares/Third_Party/FreeRTOS/Source/queue.o
 .text.prvUnlockQueue
                0x0800c52c       0xa4 ./Middlewares/Third_Party/FreeRTOS/Source/queue.o
 .text.prvIsQueueEmpty
                0x0800c5d0       0x2c ./Middlewares/Third_Party/FreeRTOS/Source/queue.o
 .text.prvIsQueueFull
                0x0800c5fc       0x30 ./Middlewares/Third_Party/FreeRTOS/Source/queue.o
 .text.vQueueAddToRegistry
                0x0800c62c       0x54 ./Middlewares/Third_Party/FreeRTOS/Source/queue.o
                0x0800c62c                vQueueAddToRegistry
 .text.vQueueWaitForMessageRestricted
                0x0800c680       0x68 ./Middlewares/Third_Party/FreeRTOS/Source/queue.o
                0x0800c680                vQueueWaitForMessageRestricted
 .text.xTaskCreateStatic
                0x0800c6e8       0xc0 ./Middlewares/Third_Party/FreeRTOS/Source/tasks.o
                0x0800c6e8                xTaskCreateStatic
 .text.xTaskCreate
                0x0800c7a8       0x8a ./Middlewares/Third_Party/FreeRTOS/Source/tasks.o
                0x0800c7a8                xTaskCreate
 .text.prvInitialiseNewTask
                0x0800c832      0x120 ./Middlewares/Third_Party/FreeRTOS/Source/tasks.o
 *fill*         0x0800c952        0x2 
 .text.prvAddNewTaskToReadyList
                0x0800c954       0xe0 ./Middlewares/Third_Party/FreeRTOS/Source/tasks.o
 .text.vTaskDelay
                0x0800ca34       0x6c ./Middlewares/Third_Party/FreeRTOS/Source/tasks.o
                0x0800ca34                vTaskDelay
 .text.vTaskStartScheduler
                0x0800caa0       0xd0 ./Middlewares/Third_Party/FreeRTOS/Source/tasks.o
                0x0800caa0                vTaskStartScheduler
 .text.vTaskSuspendAll
                0x0800cb70       0x1c ./Middlewares/Third_Party/FreeRTOS/Source/tasks.o
                0x0800cb70                vTaskSuspendAll
 .text.xTaskResumeAll
                0x0800cb8c      0x13c ./Middlewares/Third_Party/FreeRTOS/Source/tasks.o
                0x0800cb8c                xTaskResumeAll
 .text.xTaskGetTickCount
                0x0800ccc8       0x20 ./Middlewares/Third_Party/FreeRTOS/Source/tasks.o
                0x0800ccc8                xTaskGetTickCount
 .text.xTaskIncrementTick
                0x0800cce8      0x174 ./Middlewares/Third_Party/FreeRTOS/Source/tasks.o
                0x0800cce8                xTaskIncrementTick
 .text.vTaskSwitchContext
                0x0800ce5c       0xbc ./Middlewares/Third_Party/FreeRTOS/Source/tasks.o
                0x0800ce5c                vTaskSwitchContext
 .text.vTaskPlaceOnEventList
                0x0800cf18       0x4c ./Middlewares/Third_Party/FreeRTOS/Source/tasks.o
                0x0800cf18                vTaskPlaceOnEventList
 .text.vTaskPlaceOnEventListRestricted
                0x0800cf64       0x58 ./Middlewares/Third_Party/FreeRTOS/Source/tasks.o
                0x0800cf64                vTaskPlaceOnEventListRestricted
 .text.xTaskRemoveFromEventList
                0x0800cfbc       0xc8 ./Middlewares/Third_Party/FreeRTOS/Source/tasks.o
                0x0800cfbc                xTaskRemoveFromEventList
 .text.vTaskInternalSetTimeOutState
                0x0800d084       0x2c ./Middlewares/Third_Party/FreeRTOS/Source/tasks.o
                0x0800d084                vTaskInternalSetTimeOutState
 .text.xTaskCheckForTimeOut
                0x0800d0b0       0xc8 ./Middlewares/Third_Party/FreeRTOS/Source/tasks.o
                0x0800d0b0                xTaskCheckForTimeOut
 .text.vTaskMissedYield
                0x0800d178       0x18 ./Middlewares/Third_Party/FreeRTOS/Source/tasks.o
                0x0800d178                vTaskMissedYield
 .text.prvIdleTask
                0x0800d190       0x30 ./Middlewares/Third_Party/FreeRTOS/Source/tasks.o
 .text.prvInitialiseTaskLists
                0x0800d1c0       0x80 ./Middlewares/Third_Party/FreeRTOS/Source/tasks.o
 .text.prvCheckTasksWaitingTermination
                0x0800d240       0x5c ./Middlewares/Third_Party/FreeRTOS/Source/tasks.o
 .text.prvDeleteTCB
                0x0800d29c       0x60 ./Middlewares/Third_Party/FreeRTOS/Source/tasks.o
 .text.prvResetNextTaskUnblockTime
                0x0800d2fc       0x40 ./Middlewares/Third_Party/FreeRTOS/Source/tasks.o
 .text.xTaskGetSchedulerState
                0x0800d33c       0x3c ./Middlewares/Third_Party/FreeRTOS/Source/tasks.o
                0x0800d33c                xTaskGetSchedulerState
 .text.xTaskPriorityInherit
                0x0800d378       0xd0 ./Middlewares/Third_Party/FreeRTOS/Source/tasks.o
                0x0800d378                xTaskPriorityInherit
 .text.xTaskPriorityDisinherit
                0x0800d448       0xe0 ./Middlewares/Third_Party/FreeRTOS/Source/tasks.o
                0x0800d448                xTaskPriorityDisinherit
 .text.vTaskPriorityDisinheritAfterTimeout
                0x0800d528      0x108 ./Middlewares/Third_Party/FreeRTOS/Source/tasks.o
                0x0800d528                vTaskPriorityDisinheritAfterTimeout
 .text.pvTaskIncrementMutexHeldCount
                0x0800d630       0x28 ./Middlewares/Third_Party/FreeRTOS/Source/tasks.o
                0x0800d630                pvTaskIncrementMutexHeldCount
 .text.prvAddCurrentTaskToDelayedList
                0x0800d658       0xa8 ./Middlewares/Third_Party/FreeRTOS/Source/tasks.o
 .text.xTimerCreateTimerTask
                0x0800d700       0x94 ./Middlewares/Third_Party/FreeRTOS/Source/timers.o
                0x0800d700                xTimerCreateTimerTask
 .text.xTimerGenericCommand
                0x0800d794       0x9c ./Middlewares/Third_Party/FreeRTOS/Source/timers.o
                0x0800d794                xTimerGenericCommand
 .text.prvProcessExpiredTimer
                0x0800d830       0x9c ./Middlewares/Third_Party/FreeRTOS/Source/timers.o
 .text.prvTimerTask
                0x0800d8cc       0x26 ./Middlewares/Third_Party/FreeRTOS/Source/timers.o
 *fill*         0x0800d8f2        0x2 
 .text.prvProcessTimerOrBlockTask
                0x0800d8f4       0x9c ./Middlewares/Third_Party/FreeRTOS/Source/timers.o
 .text.prvGetNextExpireTime
                0x0800d990       0x48 ./Middlewares/Third_Party/FreeRTOS/Source/timers.o
 .text.prvSampleTimeNow
                0x0800d9d8       0x40 ./Middlewares/Third_Party/FreeRTOS/Source/timers.o
 .text.prvInsertTimerInActiveList
                0x0800da18       0x84 ./Middlewares/Third_Party/FreeRTOS/Source/timers.o
 .text.prvProcessReceivedCommands
                0x0800da9c      0x1cc ./Middlewares/Third_Party/FreeRTOS/Source/timers.o
 .text.prvSwitchTimerLists
                0x0800dc68       0xcc ./Middlewares/Third_Party/FreeRTOS/Source/timers.o
 .text.prvCheckForValidListAndQueue
                0x0800dd34       0x80 ./Middlewares/Third_Party/FreeRTOS/Source/timers.o
 .text.pxPortInitialiseStack
                0x0800ddb4       0x68 ./Middlewares/Third_Party/FreeRTOS/Source/portable/GCC/ARM_CM4F/port.o
                0x0800ddb4                pxPortInitialiseStack
 .text.prvTaskExitError
                0x0800de1c       0x5c ./Middlewares/Third_Party/FreeRTOS/Source/portable/GCC/ARM_CM4F/port.o
 *fill*         0x0800de78        0x8 
 .text.SVC_Handler
                0x0800de80       0x28 ./Middlewares/Third_Party/FreeRTOS/Source/portable/GCC/ARM_CM4F/port.o
                0x0800de80                SVC_Handler
 .text.prvPortStartFirstTask
                0x0800dea8       0x28 ./Middlewares/Third_Party/FreeRTOS/Source/portable/GCC/ARM_CM4F/port.o
 .text.xPortStartScheduler
                0x0800ded0      0x148 ./Middlewares/Third_Party/FreeRTOS/Source/portable/GCC/ARM_CM4F/port.o
                0x0800ded0                xPortStartScheduler
 .text.vPortEnterCritical
                0x0800e018       0x64 ./Middlewares/Third_Party/FreeRTOS/Source/portable/GCC/ARM_CM4F/port.o
                0x0800e018                vPortEnterCritical
 .text.vPortExitCritical
                0x0800e07c       0x54 ./Middlewares/Third_Party/FreeRTOS/Source/portable/GCC/ARM_CM4F/port.o
                0x0800e07c                vPortExitCritical
 .text.PendSV_Handler
                0x0800e0d0       0x68 ./Middlewares/Third_Party/FreeRTOS/Source/portable/GCC/ARM_CM4F/port.o
                0x0800e0d0                PendSV_Handler
 .text.xPortSysTickHandler
                0x0800e138       0x44 ./Middlewares/Third_Party/FreeRTOS/Source/portable/GCC/ARM_CM4F/port.o
                0x0800e138                xPortSysTickHandler
 .text.vPortSetupTimerInterrupt
                0x0800e17c       0x48 ./Middlewares/Third_Party/FreeRTOS/Source/portable/GCC/ARM_CM4F/port.o
                0x0800e17c                vPortSetupTimerInterrupt
 .text.vPortEnableVFP
                0x0800e1c4       0x14 ./Middlewares/Third_Party/FreeRTOS/Source/portable/GCC/ARM_CM4F/port.o
 .text.vPortValidateInterruptPriority
                0x0800e1d8       0x84 ./Middlewares/Third_Party/FreeRTOS/Source/portable/GCC/ARM_CM4F/port.o
                0x0800e1d8                vPortValidateInterruptPriority
 .text.pvPortMalloc
                0x0800e25c      0x19c ./Middlewares/Third_Party/FreeRTOS/Source/portable/MemMang/heap_4.o
                0x0800e25c                pvPortMalloc
 .text.vPortFree
                0x0800e3f8       0xc8 ./Middlewares/Third_Party/FreeRTOS/Source/portable/MemMang/heap_4.o
                0x0800e3f8                vPortFree
 .text.prvHeapInit
                0x0800e4c0       0xc4 ./Middlewares/Third_Party/FreeRTOS/Source/portable/MemMang/heap_4.o
 .text.prvInsertBlockIntoFreeList
                0x0800e584       0xb4 ./Middlewares/Third_Party/FreeRTOS/Source/portable/MemMang/heap_4.o
 .text.__cvt    0x0800e638       0xca C:/ST/STM32CubeIDE_1.17.0/STM32CubeIDE/plugins/com.st.stm32cube.ide.mcu.externaltools.gnu-tools-for-stm32.12.3.rel1.win32_1.1.0.202410251130/tools/bin/../lib/gcc/arm-none-eabi/12.3.1/../../../../arm-none-eabi/lib/thumb/v7e-m+fp/hard\libc_nano.a(libc_a-nano-vfprintf_float.o)
                0x0800e638                __cvt
 .text.__exponent
                0x0800e702       0x74 C:/ST/STM32CubeIDE_1.17.0/STM32CubeIDE/plugins/com.st.stm32cube.ide.mcu.externaltools.gnu-tools-for-stm32.12.3.rel1.win32_1.1.0.202410251130/tools/bin/../lib/gcc/arm-none-eabi/12.3.1/../../../../arm-none-eabi/lib/thumb/v7e-m+fp/hard\libc_nano.a(libc_a-nano-vfprintf_float.o)
                0x0800e702                __exponent
 *fill*         0x0800e776        0x2 
 .text._printf_float
                0x0800e778      0x454 C:/ST/STM32CubeIDE_1.17.0/STM32CubeIDE/plugins/com.st.stm32cube.ide.mcu.externaltools.gnu-tools-for-stm32.12.3.rel1.win32_1.1.0.202410251130/tools/bin/../lib/gcc/arm-none-eabi/12.3.1/../../../../arm-none-eabi/lib/thumb/v7e-m+fp/hard\libc_nano.a(libc_a-nano-vfprintf_float.o)
                0x0800e778                _printf_float
 .text._printf_common
                0x0800ebcc       0xda C:/ST/STM32CubeIDE_1.17.0/STM32CubeIDE/plugins/com.st.stm32cube.ide.mcu.externaltools.gnu-tools-for-stm32.12.3.rel1.win32_1.1.0.202410251130/tools/bin/../lib/gcc/arm-none-eabi/12.3.1/../../../../arm-none-eabi/lib/thumb/v7e-m+fp/hard\libc_nano.a(libc_a-nano-vfprintf_i.o)
                0x0800ebcc                _printf_common
 *fill*         0x0800eca6        0x2 
 .text._printf_i
                0x0800eca8      0x240 C:/ST/STM32CubeIDE_1.17.0/STM32CubeIDE/plugins/com.st.stm32cube.ide.mcu.externaltools.gnu-tools-for-stm32.12.3.rel1.win32_1.1.0.202410251130/tools/bin/../lib/gcc/arm-none-eabi/12.3.1/../../../../arm-none-eabi/lib/thumb/v7e-m+fp/hard\libc_nano.a(libc_a-nano-vfprintf_i.o)
                0x0800eca8                _printf_i
 .text.std      0x0800eee8       0x6c C:/ST/STM32CubeIDE_1.17.0/STM32CubeIDE/plugins/com.st.stm32cube.ide.mcu.externaltools.gnu-tools-for-stm32.12.3.rel1.win32_1.1.0.202410251130/tools/bin/../lib/gcc/arm-none-eabi/12.3.1/../../../../arm-none-eabi/lib/thumb/v7e-m+fp/hard\libc_nano.a(libc_a-findfp.o)
 .text.stdio_exit_handler
                0x0800ef54       0x18 C:/ST/STM32CubeIDE_1.17.0/STM32CubeIDE/plugins/com.st.stm32cube.ide.mcu.externaltools.gnu-tools-for-stm32.12.3.rel1.win32_1.1.0.202410251130/tools/bin/../lib/gcc/arm-none-eabi/12.3.1/../../../../arm-none-eabi/lib/thumb/v7e-m+fp/hard\libc_nano.a(libc_a-findfp.o)
 .text.cleanup_stdio
                0x0800ef6c       0x40 C:/ST/STM32CubeIDE_1.17.0/STM32CubeIDE/plugins/com.st.stm32cube.ide.mcu.externaltools.gnu-tools-for-stm32.12.3.rel1.win32_1.1.0.202410251130/tools/bin/../lib/gcc/arm-none-eabi/12.3.1/../../../../arm-none-eabi/lib/thumb/v7e-m+fp/hard\libc_nano.a(libc_a-findfp.o)
 .text.global_stdio_init.part.0
                0x0800efac       0x3c C:/ST/STM32CubeIDE_1.17.0/STM32CubeIDE/plugins/com.st.stm32cube.ide.mcu.externaltools.gnu-tools-for-stm32.12.3.rel1.win32_1.1.0.202410251130/tools/bin/../lib/gcc/arm-none-eabi/12.3.1/../../../../arm-none-eabi/lib/thumb/v7e-m+fp/hard\libc_nano.a(libc_a-findfp.o)
 .text.__sfp_lock_acquire
                0x0800efe8        0xc C:/ST/STM32CubeIDE_1.17.0/STM32CubeIDE/plugins/com.st.stm32cube.ide.mcu.externaltools.gnu-tools-for-stm32.12.3.rel1.win32_1.1.0.202410251130/tools/bin/../lib/gcc/arm-none-eabi/12.3.1/../../../../arm-none-eabi/lib/thumb/v7e-m+fp/hard\libc_nano.a(libc_a-findfp.o)
                0x0800efe8                __sfp_lock_acquire
 .text.__sfp_lock_release
                0x0800eff4        0xc C:/ST/STM32CubeIDE_1.17.0/STM32CubeIDE/plugins/com.st.stm32cube.ide.mcu.externaltools.gnu-tools-for-stm32.12.3.rel1.win32_1.1.0.202410251130/tools/bin/../lib/gcc/arm-none-eabi/12.3.1/../../../../arm-none-eabi/lib/thumb/v7e-m+fp/hard\libc_nano.a(libc_a-findfp.o)
                0x0800eff4                __sfp_lock_release
 .text.__sinit  0x0800f000       0x30 C:/ST/STM32CubeIDE_1.17.0/STM32CubeIDE/plugins/com.st.stm32cube.ide.mcu.externaltools.gnu-tools-for-stm32.12.3.rel1.win32_1.1.0.202410251130/tools/bin/../lib/gcc/arm-none-eabi/12.3.1/../../../../arm-none-eabi/lib/thumb/v7e-m+fp/hard\libc_nano.a(libc_a-findfp.o)
                0x0800f000                __sinit
 .text._fwalk_sglue
                0x0800f030       0x3c C:/ST/STM32CubeIDE_1.17.0/STM32CubeIDE/plugins/com.st.stm32cube.ide.mcu.externaltools.gnu-tools-for-stm32.12.3.rel1.win32_1.1.0.202410251130/tools/bin/../lib/gcc/arm-none-eabi/12.3.1/../../../../arm-none-eabi/lib/thumb/v7e-m+fp/hard\libc_nano.a(libc_a-fwalk.o)
                0x0800f030                _fwalk_sglue
 .text.__sread  0x0800f06c       0x22 C:/ST/STM32CubeIDE_1.17.0/STM32CubeIDE/plugins/com.st.stm32cube.ide.mcu.externaltools.gnu-tools-for-stm32.12.3.rel1.win32_1.1.0.202410251130/tools/bin/../lib/gcc/arm-none-eabi/12.3.1/../../../../arm-none-eabi/lib/thumb/v7e-m+fp/hard\libc_nano.a(libc_a-stdio.o)
                0x0800f06c                __sread
 .text.__swrite
                0x0800f08e       0x38 C:/ST/STM32CubeIDE_1.17.0/STM32CubeIDE/plugins/com.st.stm32cube.ide.mcu.externaltools.gnu-tools-for-stm32.12.3.rel1.win32_1.1.0.202410251130/tools/bin/../lib/gcc/arm-none-eabi/12.3.1/../../../../arm-none-eabi/lib/thumb/v7e-m+fp/hard\libc_nano.a(libc_a-stdio.o)
                0x0800f08e                __swrite
 .text.__sseek  0x0800f0c6       0x24 C:/ST/STM32CubeIDE_1.17.0/STM32CubeIDE/plugins/com.st.stm32cube.ide.mcu.externaltools.gnu-tools-for-stm32.12.3.rel1.win32_1.1.0.202410251130/tools/bin/../lib/gcc/arm-none-eabi/12.3.1/../../../../arm-none-eabi/lib/thumb/v7e-m+fp/hard\libc_nano.a(libc_a-stdio.o)
                0x0800f0c6                __sseek
 .text.__sclose
                0x0800f0ea        0x8 C:/ST/STM32CubeIDE_1.17.0/STM32CubeIDE/plugins/com.st.stm32cube.ide.mcu.externaltools.gnu-tools-for-stm32.12.3.rel1.win32_1.1.0.202410251130/tools/bin/../lib/gcc/arm-none-eabi/12.3.1/../../../../arm-none-eabi/lib/thumb/v7e-m+fp/hard\libc_nano.a(libc_a-stdio.o)
                0x0800f0ea                __sclose
 .text.memcmp   0x0800f0f2       0x20 C:/ST/STM32CubeIDE_1.17.0/STM32CubeIDE/plugins/com.st.stm32cube.ide.mcu.externaltools.gnu-tools-for-stm32.12.3.rel1.win32_1.1.0.202410251130/tools/bin/../lib/gcc/arm-none-eabi/12.3.1/../../../../arm-none-eabi/lib/thumb/v7e-m+fp/hard\libc_nano.a(libc_a-memcmp.o)
                0x0800f0f2                memcmp
 .text.memset   0x0800f112       0x10 C:/ST/STM32CubeIDE_1.17.0/STM32CubeIDE/plugins/com.st.stm32cube.ide.mcu.externaltools.gnu-tools-for-stm32.12.3.rel1.win32_1.1.0.202410251130/tools/bin/../lib/gcc/arm-none-eabi/12.3.1/../../../../arm-none-eabi/lib/thumb/v7e-m+fp/hard\libc_nano.a(libc_a-memset.o)
                0x0800f112                memset
 *fill*         0x0800f122        0x2 
 .text._localeconv_r
                0x0800f124        0x8 C:/ST/STM32CubeIDE_1.17.0/STM32CubeIDE/plugins/com.st.stm32cube.ide.mcu.externaltools.gnu-tools-for-stm32.12.3.rel1.win32_1.1.0.202410251130/tools/bin/../lib/gcc/arm-none-eabi/12.3.1/../../../../arm-none-eabi/lib/thumb/v7e-m+fp/hard\libc_nano.a(libc_a-localeconv.o)
                0x0800f124                _localeconv_r
 .text._close_r
                0x0800f12c       0x20 C:/ST/STM32CubeIDE_1.17.0/STM32CubeIDE/plugins/com.st.stm32cube.ide.mcu.externaltools.gnu-tools-for-stm32.12.3.rel1.win32_1.1.0.202410251130/tools/bin/../lib/gcc/arm-none-eabi/12.3.1/../../../../arm-none-eabi/lib/thumb/v7e-m+fp/hard\libc_nano.a(libc_a-closer.o)
                0x0800f12c                _close_r
 .text._lseek_r
                0x0800f14c       0x24 C:/ST/STM32CubeIDE_1.17.0/STM32CubeIDE/plugins/com.st.stm32cube.ide.mcu.externaltools.gnu-tools-for-stm32.12.3.rel1.win32_1.1.0.202410251130/tools/bin/../lib/gcc/arm-none-eabi/12.3.1/../../../../arm-none-eabi/lib/thumb/v7e-m+fp/hard\libc_nano.a(libc_a-lseekr.o)
                0x0800f14c                _lseek_r
 .text._read_r  0x0800f170       0x24 C:/ST/STM32CubeIDE_1.17.0/STM32CubeIDE/plugins/com.st.stm32cube.ide.mcu.externaltools.gnu-tools-for-stm32.12.3.rel1.win32_1.1.0.202410251130/tools/bin/../lib/gcc/arm-none-eabi/12.3.1/../../../../arm-none-eabi/lib/thumb/v7e-m+fp/hard\libc_nano.a(libc_a-readr.o)
                0x0800f170                _read_r
 .text._write_r
                0x0800f194       0x24 C:/ST/STM32CubeIDE_1.17.0/STM32CubeIDE/plugins/com.st.stm32cube.ide.mcu.externaltools.gnu-tools-for-stm32.12.3.rel1.win32_1.1.0.202410251130/tools/bin/../lib/gcc/arm-none-eabi/12.3.1/../../../../arm-none-eabi/lib/thumb/v7e-m+fp/hard\libc_nano.a(libc_a-writer.o)
                0x0800f194                _write_r
 .text.__errno  0x0800f1b8        0xc C:/ST/STM32CubeIDE_1.17.0/STM32CubeIDE/plugins/com.st.stm32cube.ide.mcu.externaltools.gnu-tools-for-stm32.12.3.rel1.win32_1.1.0.202410251130/tools/bin/../lib/gcc/arm-none-eabi/12.3.1/../../../../arm-none-eabi/lib/thumb/v7e-m+fp/hard\libc_nano.a(libc_a-errno.o)
                0x0800f1b8                __errno
 .text.__libc_init_array
                0x0800f1c4       0x48 C:/ST/STM32CubeIDE_1.17.0/STM32CubeIDE/plugins/com.st.stm32cube.ide.mcu.externaltools.gnu-tools-for-stm32.12.3.rel1.win32_1.1.0.202410251130/tools/bin/../lib/gcc/arm-none-eabi/12.3.1/../../../../arm-none-eabi/lib/thumb/v7e-m+fp/hard\libc_nano.a(libc_a-init.o)
                0x0800f1c4                __libc_init_array
 .text.__retarget_lock_init_recursive
                0x0800f20c        0x2 C:/ST/STM32CubeIDE_1.17.0/STM32CubeIDE/plugins/com.st.stm32cube.ide.mcu.externaltools.gnu-tools-for-stm32.12.3.rel1.win32_1.1.0.202410251130/tools/bin/../lib/gcc/arm-none-eabi/12.3.1/../../../../arm-none-eabi/lib/thumb/v7e-m+fp/hard\libc_nano.a(libc_a-lock.o)
                0x0800f20c                __retarget_lock_init_recursive
 .text.__retarget_lock_acquire_recursive
                0x0800f20e        0x2 C:/ST/STM32CubeIDE_1.17.0/STM32CubeIDE/plugins/com.st.stm32cube.ide.mcu.externaltools.gnu-tools-for-stm32.12.3.rel1.win32_1.1.0.202410251130/tools/bin/../lib/gcc/arm-none-eabi/12.3.1/../../../../arm-none-eabi/lib/thumb/v7e-m+fp/hard\libc_nano.a(libc_a-lock.o)
                0x0800f20e                __retarget_lock_acquire_recursive
 .text.__retarget_lock_release_recursive
                0x0800f210        0x2 C:/ST/STM32CubeIDE_1.17.0/STM32CubeIDE/plugins/com.st.stm32cube.ide.mcu.externaltools.gnu-tools-for-stm32.12.3.rel1.win32_1.1.0.202410251130/tools/bin/../lib/gcc/arm-none-eabi/12.3.1/../../../../arm-none-eabi/lib/thumb/v7e-m+fp/hard\libc_nano.a(libc_a-lock.o)
                0x0800f210                __retarget_lock_release_recursive
 .text.memcpy   0x0800f212       0x1c C:/ST/STM32CubeIDE_1.17.0/STM32CubeIDE/plugins/com.st.stm32cube.ide.mcu.externaltools.gnu-tools-for-stm32.12.3.rel1.win32_1.1.0.202410251130/tools/bin/../lib/gcc/arm-none-eabi/12.3.1/../../../../arm-none-eabi/lib/thumb/v7e-m+fp/hard\libc_nano.a(libc_a-memcpy-stub.o)
                0x0800f212                memcpy
 .text.quorem   0x0800f22e      0x110 C:/ST/STM32CubeIDE_1.17.0/STM32CubeIDE/plugins/com.st.stm32cube.ide.mcu.externaltools.gnu-tools-for-stm32.12.3.rel1.win32_1.1.0.202410251130/tools/bin/../lib/gcc/arm-none-eabi/12.3.1/../../../../arm-none-eabi/lib/thumb/v7e-m+fp/hard\libc_nano.a(libc_a-dtoa.o)
 *fill*         0x0800f33e        0x2 
 .text._dtoa_r  0x0800f340      0xb88 C:/ST/STM32CubeIDE_1.17.0/STM32CubeIDE/plugins/com.st.stm32cube.ide.mcu.externaltools.gnu-tools-for-stm32.12.3.rel1.win32_1.1.0.202410251130/tools/bin/../lib/gcc/arm-none-eabi/12.3.1/../../../../arm-none-eabi/lib/thumb/v7e-m+fp/hard\libc_nano.a(libc_a-dtoa.o)
                0x0800f340                _dtoa_r
 .text._free_r  0x0800fec8       0x94 C:/ST/STM32CubeIDE_1.17.0/STM32CubeIDE/plugins/com.st.stm32cube.ide.mcu.externaltools.gnu-tools-for-stm32.12.3.rel1.win32_1.1.0.202410251130/tools/bin/../lib/gcc/arm-none-eabi/12.3.1/../../../../arm-none-eabi/lib/thumb/v7e-m+fp/hard\libc_nano.a(libc_a-freer.o)
                0x0800fec8                _free_r
 .text.malloc   0x0800ff5c       0x10 C:/ST/STM32CubeIDE_1.17.0/STM32CubeIDE/plugins/com.st.stm32cube.ide.mcu.externaltools.gnu-tools-for-stm32.12.3.rel1.win32_1.1.0.202410251130/tools/bin/../lib/gcc/arm-none-eabi/12.3.1/../../../../arm-none-eabi/lib/thumb/v7e-m+fp/hard\libc_nano.a(libc_a-malloc.o)
                0x0800ff5c                malloc
 .text.sbrk_aligned
                0x0800ff6c       0x44 C:/ST/STM32CubeIDE_1.17.0/STM32CubeIDE/plugins/com.st.stm32cube.ide.mcu.externaltools.gnu-tools-for-stm32.12.3.rel1.win32_1.1.0.202410251130/tools/bin/../lib/gcc/arm-none-eabi/12.3.1/../../../../arm-none-eabi/lib/thumb/v7e-m+fp/hard\libc_nano.a(libc_a-mallocr.o)
 .text._malloc_r
                0x0800ffb0      0x100 C:/ST/STM32CubeIDE_1.17.0/STM32CubeIDE/plugins/com.st.stm32cube.ide.mcu.externaltools.gnu-tools-for-stm32.12.3.rel1.win32_1.1.0.202410251130/tools/bin/../lib/gcc/arm-none-eabi/12.3.1/../../../../arm-none-eabi/lib/thumb/v7e-m+fp/hard\libc_nano.a(libc_a-mallocr.o)
                0x0800ffb0                _malloc_r
 .text.__malloc_lock
                0x080100b0        0xc C:/ST/STM32CubeIDE_1.17.0/STM32CubeIDE/plugins/com.st.stm32cube.ide.mcu.externaltools.gnu-tools-for-stm32.12.3.rel1.win32_1.1.0.202410251130/tools/bin/../lib/gcc/arm-none-eabi/12.3.1/../../../../arm-none-eabi/lib/thumb/v7e-m+fp/hard\libc_nano.a(libc_a-mlock.o)
                0x080100b0                __malloc_lock
 .text.__malloc_unlock
                0x080100bc        0xc C:/ST/STM32CubeIDE_1.17.0/STM32CubeIDE/plugins/com.st.stm32cube.ide.mcu.externaltools.gnu-tools-for-stm32.12.3.rel1.win32_1.1.0.202410251130/tools/bin/../lib/gcc/arm-none-eabi/12.3.1/../../../../arm-none-eabi/lib/thumb/v7e-m+fp/hard\libc_nano.a(libc_a-mlock.o)
                0x080100bc                __malloc_unlock
 .text._Balloc  0x080100c8       0x80 C:/ST/STM32CubeIDE_1.17.0/STM32CubeIDE/plugins/com.st.stm32cube.ide.mcu.externaltools.gnu-tools-for-stm32.12.3.rel1.win32_1.1.0.202410251130/tools/bin/../lib/gcc/arm-none-eabi/12.3.1/../../../../arm-none-eabi/lib/thumb/v7e-m+fp/hard\libc_nano.a(libc_a-mprec.o)
                0x080100c8                _Balloc
 .text._Bfree   0x08010148       0x44 C:/ST/STM32CubeIDE_1.17.0/STM32CubeIDE/plugins/com.st.stm32cube.ide.mcu.externaltools.gnu-tools-for-stm32.12.3.rel1.win32_1.1.0.202410251130/tools/bin/../lib/gcc/arm-none-eabi/12.3.1/../../../../arm-none-eabi/lib/thumb/v7e-m+fp/hard\libc_nano.a(libc_a-mprec.o)
                0x08010148                _Bfree
 .text.__multadd
                0x0801018c       0x8c C:/ST/STM32CubeIDE_1.17.0/STM32CubeIDE/plugins/com.st.stm32cube.ide.mcu.externaltools.gnu-tools-for-stm32.12.3.rel1.win32_1.1.0.202410251130/tools/bin/../lib/gcc/arm-none-eabi/12.3.1/../../../../arm-none-eabi/lib/thumb/v7e-m+fp/hard\libc_nano.a(libc_a-mprec.o)
                0x0801018c                __multadd
 .text.__hi0bits
                0x08010218       0x3e C:/ST/STM32CubeIDE_1.17.0/STM32CubeIDE/plugins/com.st.stm32cube.ide.mcu.externaltools.gnu-tools-for-stm32.12.3.rel1.win32_1.1.0.202410251130/tools/bin/../lib/gcc/arm-none-eabi/12.3.1/../../../../arm-none-eabi/lib/thumb/v7e-m+fp/hard\libc_nano.a(libc_a-mprec.o)
                0x08010218                __hi0bits
 .text.__lo0bits
                0x08010256       0x5a C:/ST/STM32CubeIDE_1.17.0/STM32CubeIDE/plugins/com.st.stm32cube.ide.mcu.externaltools.gnu-tools-for-stm32.12.3.rel1.win32_1.1.0.202410251130/tools/bin/../lib/gcc/arm-none-eabi/12.3.1/../../../../arm-none-eabi/lib/thumb/v7e-m+fp/hard\libc_nano.a(libc_a-mprec.o)
                0x08010256                __lo0bits
 .text.__i2b    0x080102b0       0x2c C:/ST/STM32CubeIDE_1.17.0/STM32CubeIDE/plugins/com.st.stm32cube.ide.mcu.externaltools.gnu-tools-for-stm32.12.3.rel1.win32_1.1.0.202410251130/tools/bin/../lib/gcc/arm-none-eabi/12.3.1/../../../../arm-none-eabi/lib/thumb/v7e-m+fp/hard\libc_nano.a(libc_a-mprec.o)
                0x080102b0                __i2b
 .text.__multiply
                0x080102dc      0x154 C:/ST/STM32CubeIDE_1.17.0/STM32CubeIDE/plugins/com.st.stm32cube.ide.mcu.externaltools.gnu-tools-for-stm32.12.3.rel1.win32_1.1.0.202410251130/tools/bin/../lib/gcc/arm-none-eabi/12.3.1/../../../../arm-none-eabi/lib/thumb/v7e-m+fp/hard\libc_nano.a(libc_a-mprec.o)
                0x080102dc                __multiply
 .text.__pow5mult
                0x08010430       0xb4 C:/ST/STM32CubeIDE_1.17.0/STM32CubeIDE/plugins/com.st.stm32cube.ide.mcu.externaltools.gnu-tools-for-stm32.12.3.rel1.win32_1.1.0.202410251130/tools/bin/../lib/gcc/arm-none-eabi/12.3.1/../../../../arm-none-eabi/lib/thumb/v7e-m+fp/hard\libc_nano.a(libc_a-mprec.o)
                0x08010430                __pow5mult
 .text.__lshift
                0x080104e4       0xd8 C:/ST/STM32CubeIDE_1.17.0/STM32CubeIDE/plugins/com.st.stm32cube.ide.mcu.externaltools.gnu-tools-for-stm32.12.3.rel1.win32_1.1.0.202410251130/tools/bin/../lib/gcc/arm-none-eabi/12.3.1/../../../../arm-none-eabi/lib/thumb/v7e-m+fp/hard\libc_nano.a(libc_a-mprec.o)
                0x080104e4                __lshift
 .text.__mcmp   0x080105bc       0x36 C:/ST/STM32CubeIDE_1.17.0/STM32CubeIDE/plugins/com.st.stm32cube.ide.mcu.externaltools.gnu-tools-for-stm32.12.3.rel1.win32_1.1.0.202410251130/tools/bin/../lib/gcc/arm-none-eabi/12.3.1/../../../../arm-none-eabi/lib/thumb/v7e-m+fp/hard\libc_nano.a(libc_a-mprec.o)
                0x080105bc                __mcmp
 *fill*         0x080105f2        0x2 
 .text.__mdiff  0x080105f4      0x128 C:/ST/STM32CubeIDE_1.17.0/STM32CubeIDE/plugins/com.st.stm32cube.ide.mcu.externaltools.gnu-tools-for-stm32.12.3.rel1.win32_1.1.0.202410251130/tools/bin/../lib/gcc/arm-none-eabi/12.3.1/../../../../arm-none-eabi/lib/thumb/v7e-m+fp/hard\libc_nano.a(libc_a-mprec.o)
                0x080105f4                __mdiff
 .text.__d2b    0x0801071c       0xb0 C:/ST/STM32CubeIDE_1.17.0/STM32CubeIDE/plugins/com.st.stm32cube.ide.mcu.externaltools.gnu-tools-for-stm32.12.3.rel1.win32_1.1.0.202410251130/tools/bin/../lib/gcc/arm-none-eabi/12.3.1/../../../../arm-none-eabi/lib/thumb/v7e-m+fp/hard\libc_nano.a(libc_a-mprec.o)
                0x0801071c                __d2b
 .text.__sflush_r
                0x080107cc      0x108 C:/ST/STM32CubeIDE_1.17.0/STM32CubeIDE/plugins/com.st.stm32cube.ide.mcu.externaltools.gnu-tools-for-stm32.12.3.rel1.win32_1.1.0.202410251130/tools/bin/../lib/gcc/arm-none-eabi/12.3.1/../../../../arm-none-eabi/lib/thumb/v7e-m+fp/hard\libc_nano.a(libc_a-fflush.o)
                0x080107cc                __sflush_r
 .text._fflush_r
                0x080108d4       0x50 C:/ST/STM32CubeIDE_1.17.0/STM32CubeIDE/plugins/com.st.stm32cube.ide.mcu.externaltools.gnu-tools-for-stm32.12.3.rel1.win32_1.1.0.202410251130/tools/bin/../lib/gcc/arm-none-eabi/12.3.1/../../../../arm-none-eabi/lib/thumb/v7e-m+fp/hard\libc_nano.a(libc_a-fflush.o)
                0x080108d4                _fflush_r
 .text._sbrk_r  0x08010924       0x20 C:/ST/STM32CubeIDE_1.17.0/STM32CubeIDE/plugins/com.st.stm32cube.ide.mcu.externaltools.gnu-tools-for-stm32.12.3.rel1.win32_1.1.0.202410251130/tools/bin/../lib/gcc/arm-none-eabi/12.3.1/../../../../arm-none-eabi/lib/thumb/v7e-m+fp/hard\libc_nano.a(libc_a-sbrkr.o)
                0x08010924                _sbrk_r
 .text.__assert_func
                0x08010944       0x3c C:/ST/STM32CubeIDE_1.17.0/STM32CubeIDE/plugins/com.st.stm32cube.ide.mcu.externaltools.gnu-tools-for-stm32.12.3.rel1.win32_1.1.0.202410251130/tools/bin/../lib/gcc/arm-none-eabi/12.3.1/../../../../arm-none-eabi/lib/thumb/v7e-m+fp/hard\libc_nano.a(libc_a-assert.o)
                0x08010944                __assert_func
 .text._calloc_r
                0x08010980       0x28 C:/ST/STM32CubeIDE_1.17.0/STM32CubeIDE/plugins/com.st.stm32cube.ide.mcu.externaltools.gnu-tools-for-stm32.12.3.rel1.win32_1.1.0.202410251130/tools/bin/../lib/gcc/arm-none-eabi/12.3.1/../../../../arm-none-eabi/lib/thumb/v7e-m+fp/hard\libc_nano.a(libc_a-callocr.o)
                0x08010980                _calloc_r
 .text.__ascii_mbtowc
                0x080109a8       0x24 C:/ST/STM32CubeIDE_1.17.0/STM32CubeIDE/plugins/com.st.stm32cube.ide.mcu.externaltools.gnu-tools-for-stm32.12.3.rel1.win32_1.1.0.202410251130/tools/bin/../lib/gcc/arm-none-eabi/12.3.1/../../../../arm-none-eabi/lib/thumb/v7e-m+fp/hard\libc_nano.a(libc_a-mbtowc_r.o)
                0x080109a8                __ascii_mbtowc
 .text.__ascii_wctomb
                0x080109cc       0x1a C:/ST/STM32CubeIDE_1.17.0/STM32CubeIDE/plugins/com.st.stm32cube.ide.mcu.externaltools.gnu-tools-for-stm32.12.3.rel1.win32_1.1.0.202410251130/tools/bin/../lib/gcc/arm-none-eabi/12.3.1/../../../../arm-none-eabi/lib/thumb/v7e-m+fp/hard\libc_nano.a(libc_a-wctomb_r.o)
                0x080109cc                __ascii_wctomb
 *fill*         0x080109e6        0x2 
 .text.fprintf  0x080109e8       0x24 C:/ST/STM32CubeIDE_1.17.0/STM32CubeIDE/plugins/com.st.stm32cube.ide.mcu.externaltools.gnu-tools-for-stm32.12.3.rel1.win32_1.1.0.202410251130/tools/bin/../lib/gcc/arm-none-eabi/12.3.1/../../../../arm-none-eabi/lib/thumb/v7e-m+fp/hard\libc_nano.a(libc_a-fprintf.o)
                0x080109e8                fiprintf
                0x080109e8                fprintf
 .text.abort    0x08010a0c        0xe C:/ST/STM32CubeIDE_1.17.0/STM32CubeIDE/plugins/com.st.stm32cube.ide.mcu.externaltools.gnu-tools-for-stm32.12.3.rel1.win32_1.1.0.202410251130/tools/bin/../lib/gcc/arm-none-eabi/12.3.1/../../../../arm-none-eabi/lib/thumb/v7e-m+fp/hard\libc_nano.a(libc_a-abort.o)
                0x08010a0c                abort
 .text.__sfputc_r
                0x08010a1a       0x2e C:/ST/STM32CubeIDE_1.17.0/STM32CubeIDE/plugins/com.st.stm32cube.ide.mcu.externaltools.gnu-tools-for-stm32.12.3.rel1.win32_1.1.0.202410251130/tools/bin/../lib/gcc/arm-none-eabi/12.3.1/../../../../arm-none-eabi/lib/thumb/v7e-m+fp/hard\libc_nano.a(libc_a-nano-vfprintf.o)
 .text.__sfputs_r
                0x08010a48       0x24 C:/ST/STM32CubeIDE_1.17.0/STM32CubeIDE/plugins/com.st.stm32cube.ide.mcu.externaltools.gnu-tools-for-stm32.12.3.rel1.win32_1.1.0.202410251130/tools/bin/../lib/gcc/arm-none-eabi/12.3.1/../../../../arm-none-eabi/lib/thumb/v7e-m+fp/hard\libc_nano.a(libc_a-nano-vfprintf.o)
                0x08010a48                __sfputs_r
 .text._vfprintf_r
                0x08010a6c      0x230 C:/ST/STM32CubeIDE_1.17.0/STM32CubeIDE/plugins/com.st.stm32cube.ide.mcu.externaltools.gnu-tools-for-stm32.12.3.rel1.win32_1.1.0.202410251130/tools/bin/../lib/gcc/arm-none-eabi/12.3.1/../../../../arm-none-eabi/lib/thumb/v7e-m+fp/hard\libc_nano.a(libc_a-nano-vfprintf.o)
                0x08010a6c                _vfprintf_r
                0x08010a6c                _vfiprintf_r
 .text.__swbuf_r
                0x08010c9c       0x7c C:/ST/STM32CubeIDE_1.17.0/STM32CubeIDE/plugins/com.st.stm32cube.ide.mcu.externaltools.gnu-tools-for-stm32.12.3.rel1.win32_1.1.0.202410251130/tools/bin/../lib/gcc/arm-none-eabi/12.3.1/../../../../arm-none-eabi/lib/thumb/v7e-m+fp/hard\libc_nano.a(libc_a-wbuf.o)
                0x08010c9c                __swbuf_r
 .text.__swsetup_r
                0x08010d18       0xac C:/ST/STM32CubeIDE_1.17.0/STM32CubeIDE/plugins/com.st.stm32cube.ide.mcu.externaltools.gnu-tools-for-stm32.12.3.rel1.win32_1.1.0.202410251130/tools/bin/../lib/gcc/arm-none-eabi/12.3.1/../../../../arm-none-eabi/lib/thumb/v7e-m+fp/hard\libc_nano.a(libc_a-wsetup.o)
                0x08010d18                __swsetup_r
 .text._raise_r
                0x08010dc4       0x50 C:/ST/STM32CubeIDE_1.17.0/STM32CubeIDE/plugins/com.st.stm32cube.ide.mcu.externaltools.gnu-tools-for-stm32.12.3.rel1.win32_1.1.0.202410251130/tools/bin/../lib/gcc/arm-none-eabi/12.3.1/../../../../arm-none-eabi/lib/thumb/v7e-m+fp/hard\libc_nano.a(libc_a-signal.o)
                0x08010dc4                _raise_r
 .text.raise    0x08010e14       0x10 C:/ST/STM32CubeIDE_1.17.0/STM32CubeIDE/plugins/com.st.stm32cube.ide.mcu.externaltools.gnu-tools-for-stm32.12.3.rel1.win32_1.1.0.202410251130/tools/bin/../lib/gcc/arm-none-eabi/12.3.1/../../../../arm-none-eabi/lib/thumb/v7e-m+fp/hard\libc_nano.a(libc_a-signal.o)
                0x08010e14                raise
 .text._kill_r  0x08010e24       0x24 C:/ST/STM32CubeIDE_1.17.0/STM32CubeIDE/plugins/com.st.stm32cube.ide.mcu.externaltools.gnu-tools-for-stm32.12.3.rel1.win32_1.1.0.202410251130/tools/bin/../lib/gcc/arm-none-eabi/12.3.1/../../../../arm-none-eabi/lib/thumb/v7e-m+fp/hard\libc_nano.a(libc_a-signalr.o)
                0x08010e24                _kill_r
 .text._getpid_r
                0x08010e48        0x4 C:/ST/STM32CubeIDE_1.17.0/STM32CubeIDE/plugins/com.st.stm32cube.ide.mcu.externaltools.gnu-tools-for-stm32.12.3.rel1.win32_1.1.0.202410251130/tools/bin/../lib/gcc/arm-none-eabi/12.3.1/../../../../arm-none-eabi/lib/thumb/v7e-m+fp/hard\libc_nano.a(libc_a-signalr.o)
                0x08010e48                _getpid_r
 .text.__swhatbuf_r
                0x08010e4c       0x4c C:/ST/STM32CubeIDE_1.17.0/STM32CubeIDE/plugins/com.st.stm32cube.ide.mcu.externaltools.gnu-tools-for-stm32.12.3.rel1.win32_1.1.0.202410251130/tools/bin/../lib/gcc/arm-none-eabi/12.3.1/../../../../arm-none-eabi/lib/thumb/v7e-m+fp/hard\libc_nano.a(libc_a-makebuf.o)
                0x08010e4c                __swhatbuf_r
 .text.__smakebuf_r
                0x08010e98       0x78 C:/ST/STM32CubeIDE_1.17.0/STM32CubeIDE/plugins/com.st.stm32cube.ide.mcu.externaltools.gnu-tools-for-stm32.12.3.rel1.win32_1.1.0.202410251130/tools/bin/../lib/gcc/arm-none-eabi/12.3.1/../../../../arm-none-eabi/lib/thumb/v7e-m+fp/hard\libc_nano.a(libc_a-makebuf.o)
                0x08010e98                __smakebuf_r
 .text._fstat_r
                0x08010f10       0x24 C:/ST/STM32CubeIDE_1.17.0/STM32CubeIDE/plugins/com.st.stm32cube.ide.mcu.externaltools.gnu-tools-for-stm32.12.3.rel1.win32_1.1.0.202410251130/tools/bin/../lib/gcc/arm-none-eabi/12.3.1/../../../../arm-none-eabi/lib/thumb/v7e-m+fp/hard\libc_nano.a(libc_a-fstatr.o)
                0x08010f10                _fstat_r
 .text._isatty_r
                0x08010f34       0x20 C:/ST/STM32CubeIDE_1.17.0/STM32CubeIDE/plugins/com.st.stm32cube.ide.mcu.externaltools.gnu-tools-for-stm32.12.3.rel1.win32_1.1.0.202410251130/tools/bin/../lib/gcc/arm-none-eabi/12.3.1/../../../../arm-none-eabi/lib/thumb/v7e-m+fp/hard\libc_nano.a(libc_a-isattyr.o)
                0x08010f34                _isatty_r
 *fill*         0x08010f54        0x4 
 .text.sin      0x08010f58       0xa8 C:/ST/STM32CubeIDE_1.17.0/STM32CubeIDE/plugins/com.st.stm32cube.ide.mcu.externaltools.gnu-tools-for-stm32.12.3.rel1.win32_1.1.0.202410251130/tools/bin/../lib/gcc/arm-none-eabi/12.3.1/../../../../arm-none-eabi/lib/thumb/v7e-m+fp/hard\libm.a(libm_a-s_sin.o)
                0x08010f58                sin
 .text.atan2f   0x08011000        0x4 C:/ST/STM32CubeIDE_1.17.0/STM32CubeIDE/plugins/com.st.stm32cube.ide.mcu.externaltools.gnu-tools-for-stm32.12.3.rel1.win32_1.1.0.202410251130/tools/bin/../lib/gcc/arm-none-eabi/12.3.1/../../../../arm-none-eabi/lib/thumb/v7e-m+fp/hard\libm.a(libm_a-wf_atan2.o)
                0x08011000                atan2f
 .text.sqrtf    0x08011004       0x3c C:/ST/STM32CubeIDE_1.17.0/STM32CubeIDE/plugins/com.st.stm32cube.ide.mcu.externaltools.gnu-tools-for-stm32.12.3.rel1.win32_1.1.0.202410251130/tools/bin/../lib/gcc/arm-none-eabi/12.3.1/../../../../arm-none-eabi/lib/thumb/v7e-m+fp/hard\libm.a(libm_a-wf_sqrt.o)
                0x08011004                sqrtf
 .text.__ieee754_sqrtf
                0x08011040        0x6 C:/ST/STM32CubeIDE_1.17.0/STM32CubeIDE/plugins/com.st.stm32cube.ide.mcu.externaltools.gnu-tools-for-stm32.12.3.rel1.win32_1.1.0.202410251130/tools/bin/../lib/gcc/arm-none-eabi/12.3.1/../../../../arm-none-eabi/lib/thumb/v7e-m+fp/hard\libm.a(libm_a-ef_sqrt.o)
                0x08011040                __ieee754_sqrtf
 *fill*         0x08011046        0x2 
 .text.roundf   0x08011048       0x48 C:/ST/STM32CubeIDE_1.17.0/STM32CubeIDE/plugins/com.st.stm32cube.ide.mcu.externaltools.gnu-tools-for-stm32.12.3.rel1.win32_1.1.0.202410251130/tools/bin/../lib/gcc/arm-none-eabi/12.3.1/../../../../arm-none-eabi/lib/thumb/v7e-m+fp/hard\libm.a(libm_a-sf_round.o)
                0x08011048                roundf
 .text.__kernel_cos
                0x08011090      0x18c C:/ST/STM32CubeIDE_1.17.0/STM32CubeIDE/plugins/com.st.stm32cube.ide.mcu.externaltools.gnu-tools-for-stm32.12.3.rel1.win32_1.1.0.202410251130/tools/bin/../lib/gcc/arm-none-eabi/12.3.1/../../../../arm-none-eabi/lib/thumb/v7e-m+fp/hard\libm.a(libm_a-k_cos.o)
                0x08011090                __kernel_cos
 *fill*         0x0801121c        0x4 
 .text.__kernel_sin
                0x08011220      0x174 C:/ST/STM32CubeIDE_1.17.0/STM32CubeIDE/plugins/com.st.stm32cube.ide.mcu.externaltools.gnu-tools-for-stm32.12.3.rel1.win32_1.1.0.202410251130/tools/bin/../lib/gcc/arm-none-eabi/12.3.1/../../../../arm-none-eabi/lib/thumb/v7e-m+fp/hard\libm.a(libm_a-k_sin.o)
                0x08011220                __kernel_sin
 *fill*         0x08011394        0x4 
 .text.__ieee754_rem_pio2
                0x08011398      0x3f8 C:/ST/STM32CubeIDE_1.17.0/STM32CubeIDE/plugins/com.st.stm32cube.ide.mcu.externaltools.gnu-tools-for-stm32.12.3.rel1.win32_1.1.0.202410251130/tools/bin/../lib/gcc/arm-none-eabi/12.3.1/../../../../arm-none-eabi/lib/thumb/v7e-m+fp/hard\libm.a(libm_a-e_rem_pio2.o)
                0x08011398                __ieee754_rem_pio2
 .text.fabs     0x08011790       0x10 C:/ST/STM32CubeIDE_1.17.0/STM32CubeIDE/plugins/com.st.stm32cube.ide.mcu.externaltools.gnu-tools-for-stm32.12.3.rel1.win32_1.1.0.202410251130/tools/bin/../lib/gcc/arm-none-eabi/12.3.1/../../../../arm-none-eabi/lib/thumb/v7e-m+fp/hard\libm.a(libm_a-s_fabs.o)
                0x08011790                fabs
 .text.__ieee754_atan2f
                0x080117a0      0x140 C:/ST/STM32CubeIDE_1.17.0/STM32CubeIDE/plugins/com.st.stm32cube.ide.mcu.externaltools.gnu-tools-for-stm32.12.3.rel1.win32_1.1.0.202410251130/tools/bin/../lib/gcc/arm-none-eabi/12.3.1/../../../../arm-none-eabi/lib/thumb/v7e-m+fp/hard\libm.a(libm_a-ef_atan2.o)
                0x080117a0                __ieee754_atan2f
 .text.atanf    0x080118e0      0x1a8 C:/ST/STM32CubeIDE_1.17.0/STM32CubeIDE/plugins/com.st.stm32cube.ide.mcu.externaltools.gnu-tools-for-stm32.12.3.rel1.win32_1.1.0.202410251130/tools/bin/../lib/gcc/arm-none-eabi/12.3.1/../../../../arm-none-eabi/lib/thumb/v7e-m+fp/hard\libm.a(libm_a-sf_atan.o)
                0x080118e0                atanf
 .text.fabsf    0x08011a88        0xe C:/ST/STM32CubeIDE_1.17.0/STM32CubeIDE/plugins/com.st.stm32cube.ide.mcu.externaltools.gnu-tools-for-stm32.12.3.rel1.win32_1.1.0.202410251130/tools/bin/../lib/gcc/arm-none-eabi/12.3.1/../../../../arm-none-eabi/lib/thumb/v7e-m+fp/hard\libm.a(libm_a-sf_fabs.o)
                0x08011a88                fabsf
 *fill*         0x08011a96        0x2 
 .text.__kernel_rem_pio2
                0x08011a98      0x6b0 C:/ST/STM32CubeIDE_1.17.0/STM32CubeIDE/plugins/com.st.stm32cube.ide.mcu.externaltools.gnu-tools-for-stm32.12.3.rel1.win32_1.1.0.202410251130/tools/bin/../lib/gcc/arm-none-eabi/12.3.1/../../../../arm-none-eabi/lib/thumb/v7e-m+fp/hard\libm.a(libm_a-k_rem_pio2.o)
                0x08011a98                __kernel_rem_pio2
 .text.scalbn   0x08012148       0xfc C:/ST/STM32CubeIDE_1.17.0/STM32CubeIDE/plugins/com.st.stm32cube.ide.mcu.externaltools.gnu-tools-for-stm32.12.3.rel1.win32_1.1.0.202410251130/tools/bin/../lib/gcc/arm-none-eabi/12.3.1/../../../../arm-none-eabi/lib/thumb/v7e-m+fp/hard\libm.a(libm_a-s_scalbn.o)
                0x08012148                scalbn
 *fill*         0x08012244        0x4 
 .text.floor    0x08012248       0xf8 C:/ST/STM32CubeIDE_1.17.0/STM32CubeIDE/plugins/com.st.stm32cube.ide.mcu.externaltools.gnu-tools-for-stm32.12.3.rel1.win32_1.1.0.202410251130/tools/bin/../lib/gcc/arm-none-eabi/12.3.1/../../../../arm-none-eabi/lib/thumb/v7e-m+fp/hard\libm.a(libm_a-s_floor.o)
                0x08012248                floor
 *(.glue_7)
 .glue_7        0x08012340        0x0 linker stubs
 *(.glue_7t)
 .glue_7t       0x08012340        0x0 linker stubs
 *(.eh_frame)
 .eh_frame      0x08012340        0x0 C:/ST/STM32CubeIDE_1.17.0/STM32CubeIDE/plugins/com.st.stm32cube.ide.mcu.externaltools.gnu-tools-for-stm32.12.3.rel1.win32_1.1.0.202410251130/tools/bin/../lib/gcc/arm-none-eabi/12.3.1/thumb/v7e-m+fp/hard/crtbegin.o
 *(.init)
 .init          0x08012340        0x4 C:/ST/STM32CubeIDE_1.17.0/STM32CubeIDE/plugins/com.st.stm32cube.ide.mcu.externaltools.gnu-tools-for-stm32.12.3.rel1.win32_1.1.0.202410251130/tools/bin/../lib/gcc/arm-none-eabi/12.3.1/thumb/v7e-m+fp/hard/crti.o
                0x08012340                _init
 .init          0x08012344        0x8 C:/ST/STM32CubeIDE_1.17.0/STM32CubeIDE/plugins/com.st.stm32cube.ide.mcu.externaltools.gnu-tools-for-stm32.12.3.rel1.win32_1.1.0.202410251130/tools/bin/../lib/gcc/arm-none-eabi/12.3.1/thumb/v7e-m+fp/hard/crtn.o
 *(.fini)
 .fini          0x0801234c        0x4 C:/ST/STM32CubeIDE_1.17.0/STM32CubeIDE/plugins/com.st.stm32cube.ide.mcu.externaltools.gnu-tools-for-stm32.12.3.rel1.win32_1.1.0.202410251130/tools/bin/../lib/gcc/arm-none-eabi/12.3.1/thumb/v7e-m+fp/hard/crti.o
                0x0801234c                _fini
 .fini          0x08012350        0x8 C:/ST/STM32CubeIDE_1.17.0/STM32CubeIDE/plugins/com.st.stm32cube.ide.mcu.externaltools.gnu-tools-for-stm32.12.3.rel1.win32_1.1.0.202410251130/tools/bin/../lib/gcc/arm-none-eabi/12.3.1/thumb/v7e-m+fp/hard/crtn.o
                0x08012358                        . = ALIGN (0x4)
                0x08012358                        _etext = .

.vfp11_veneer   0x08012358        0x0
 .vfp11_veneer  0x08012358        0x0 linker stubs

.v4_bx          0x08012358        0x0
 .v4_bx         0x08012358        0x0 linker stubs

.iplt           0x08012358        0x0
 .iplt          0x08012358        0x0 C:/ST/STM32CubeIDE_1.17.0/STM32CubeIDE/plugins/com.st.stm32cube.ide.mcu.externaltools.gnu-tools-for-stm32.12.3.rel1.win32_1.1.0.202410251130/tools/bin/../lib/gcc/arm-none-eabi/12.3.1/thumb/v7e-m+fp/hard/crtbegin.o

.rodata         0x08012358     0x1898
                0x08012358                        . = ALIGN (0x4)
 *(.rodata)
 .rodata        0x08012358        0xc ./Core/Src/Control.o
 .rodata        0x08012364        0xc ./Core/Src/main.o
 .rodata        0x08012370        0x3 ./Core/Src/pressure_sensor.o
 *fill*         0x08012373        0x1 
 .rodata        0x08012374        0x5 ./Middlewares/Third_Party/FreeRTOS/Source/tasks.o
 *fill*         0x08012379        0x3 
 .rodata        0x0801237c        0xd ./Middlewares/Third_Party/FreeRTOS/Source/timers.o
 *(.rodata*)