../Core/Src/main.c:42:6:HAL_TIM_PeriodElapsedCallback	16	static
../Core/Src/main.c:54:6:Update_Pressuere	4	static
../Core/Src/main.c:58:6:Update_Imu	4	static
../Core/Src/main.c:63:5:main	8	static
../Core/Src/main.c:127:6:SystemClock_Config	88	static
../Core/Src/main.c:174:13:MX_I2C1_Init	8	static
../Core/Src/main.c:208:13:MX_SPI1_Init	8	static
../Core/Src/main.c:246:13:MX_TIM1_Init	96	static
../Core/Src/main.c:333:13:MX_TIM2_Init	64	static
../Core/Src/main.c:392:13:MX_TIM3_Init	32	static
../Core/Src/main.c:437:13:MX_TIM8_Init	96	static
../Core/Src/main.c:520:13:MX_USART2_UART_Init	8	static
../Core/Src/main.c:551:13:MX_DMA_Init	16	static
../Core/Src/main.c:572:13:MX_GPIO_Init	24	static
../Core/Src/main.c:597:6:StartDefaultTask	16	static
../Core/Src/main.c:612:6:Error_Handler	4	static,ignoring_inline_asm
