../Core/Src/mavlink/all/../checksum.h:35:20:crc_accumulate	24	static
../Core/Src/mavlink/all/../checksum.h:52:20:crc_init	16	static
../Core/Src/mavlink/all/../checksum.h:65:24:crc_calculate	24	static
../Core/Src/mavlink/all/../checksum.h:85:20:crc_accumulate_buffer	32	static
../Core/Src/mavlink/all/../mavlink_sha256.h:91:21:mavlink_sha256_init	16	static
../Core/Src/mavlink/all/../mavlink_sha256.h:105:20:mavlink_sha256_calc	320	static
../Core/Src/mavlink/all/../mavlink_sha256.h:152:21:mavlink_sha256_update	120	static
../Core/Src/mavlink/all/../mavlink_sha256.h:192:21:mavlink_sha256_final_48	104	static
../Core/Src/mavlink/all/../mavlink_helpers.h:23:34:mavlink_get_channel_status	16	static
../Core/Src/mavlink/all/../mavlink_helpers.h:39:35:mavlink_get_channel_buffer	16	static
../Core/Src/mavlink/all/../mavlink_helpers.h:73:24:mavlink_sign_packet	144	static
../Core/Src/mavlink/all/../mavlink_helpers.h:111:24:_mav_trim_payload	16	static
../Core/Src/mavlink/all/../mavlink_helpers.h:123:21:mavlink_signature_check	184	static
../Core/Src/mavlink/all/../mavlink_helpers.h:223:25:mavlink_finalize_message_buffer	80	static
../Core/Src/mavlink/all/../mavlink_helpers.h:292:25:mavlink_finalize_message_chan	40	static
../Core/Src/mavlink/all/../mavlink_helpers.h:302:25:mavlink_finalize_message	32	static
../Core/Src/mavlink/all/../mavlink_helpers.h:308:20:_mav_parse_error	16	static
../Core/Src/mavlink/all/../mavlink_helpers.h:447:25:mavlink_msg_to_send_buffer	32	static
../Core/Src/mavlink/all/../mavlink_helpers.h:500:21:mavlink_start_checksum	24	static
../Core/Src/mavlink/all/../mavlink_helpers.h:507:21:mavlink_update_checksum	24	static
../Core/Src/mavlink/all/../mavlink_helpers.h:518:43:mavlink_get_msg_entry	32	static
../Core/Src/mavlink/all/../mavlink_helpers.h:590:24:mavlink_frame_char_buffer	40	static
../Core/Src/mavlink/all/../mavlink_helpers.h:912:24:mavlink_frame_char	40	static
../Core/Src/mavlink/all/../mavlink_helpers.h:990:24:mavlink_parse_char	40	static
../Core/Src/mavlink/all/../protocol.h:173:20:mav_array_memcpy	24	static
../Core/Src/mavlink/all/../ardupilotmega/../common/./mavlink_msg_scaled_pressure.h:63:24:mavlink_msg_scaled_pressure_pack	56	static
../Core/Src/mavlink/all/../ardupilotmega/../common/./mavlink_msg_scaled_pressure.h:184:24:mavlink_msg_scaled_pressure_encode	40	static
../Core/Src/mavlink/all/../ardupilotmega/../common/./mavlink_msg_attitude.h:71:24:mavlink_msg_attitude_pack	88	static
../Core/Src/mavlink/all/../ardupilotmega/../common/./mavlink_msg_attitude.h:208:24:mavlink_msg_attitude_encode	24	static
../Core/Src/mavlink/all/../ardupilotmega/../common/./mavlink_msg_manual_control.h:656:20:mavlink_msg_manual_control_decode	24	static
../Core/Src/mavlink/all/../ardupilotmega/../common/./mavlink_msg_vfr_hud.h:67:24:mavlink_msg_vfr_hud_pack	64	static
../Core/Src/mavlink/all/../ardupilotmega/../common/./mavlink_msg_command_long.h:521:20:mavlink_msg_command_long_decode	24	static
../Core/Src/mavlink/all/../ardupilotmega/../common/./mavlink_msg_scaled_pressure2.h:63:24:mavlink_msg_scaled_pressure2_pack	56	static
../Core/Src/mavlink/all/../ardupilotmega/../common/./mavlink_msg_scaled_pressure2.h:184:24:mavlink_msg_scaled_pressure2_encode	40	static
../Core/Src/mavlink/all/../ardupilotmega/../common/./mavlink_msg_statustext.h:59:24:mavlink_msg_statustext_pack	96	static
../Core/Src/mavlink/all/../ardupilotmega/../common/../standard/../minimal/./mavlink_msg_heartbeat.h:66:24:mavlink_msg_heartbeat_pack	40	static
../Core/Src/mavlink_messages.c:36:6:Set_mavlink	16	static
../Core/Src/mavlink_messages.c:42:6:Start_UART_DMA_Receive	8	static
../Core/Src/mavlink_messages.c:46:6:HAL_UART_TxCpltCallback	16	static
../Core/Src/mavlink_messages.c:52:6:HAL_UARTEx_RxEventCallback	24	static
../Core/Src/mavlink_messages.c:69:6:HAL_UART_ErrorCallback	16	static
../Core/Src/mavlink_messages.c:76:6:send_heartbeat_msg	600	static
../Core/Src/mavlink_messages.c:94:6:Send_status_msg	680	static
../Core/Src/mavlink_messages.c:121:6:UpdateAttitude	56	static
../Core/Src/mavlink_messages.c:136:6:UpdateVfrHud	32	static
../Core/Src/mavlink_messages.c:141:6:MavlinkTx_Process	16	static
../Core/Src/mavlink_messages.c:196:6:Send_Water_msg	608	static
../Core/Src/mavlink_messages.c:208:6:Send_tube_msg	608	static
../Core/Src/mavlink_messages.c:221:6:Msg_processing	88	static
